/mnt/cpfs/zbl-cpfs-new/USERS/leon/envs/libero_sft/lib/python3.11/site-packages/torch/nn/modules/transformer.py:379: UserWarning: enable_nested_tensor is True, but self.use_nested_tensor is False because encoder_layer.norm_first was True
  warnings.warn(
EVENT_DONE seed=17 task=put_the_cream_cheese_in_the_bowl split=calibration init=30 admitted=0
EVENT_DONE seed=17 task=put_the_cream_cheese_in_the_bowl split=calibration init=31 admitted=0
EVENT_DONE seed=17 task=put_the_cream_cheese_in_the_bowl split=calibration init=32 admitted=0
EVENT_DONE seed=17 task=put_the_cream_cheese_in_the_bowl split=calibration init=33 admitted=0
EVENT_DONE seed=17 task=put_the_cream_cheese_in_the_bowl split=calibration init=34 admitted=0
EVENT_DONE seed=17 task=put_the_cream_cheese_in_the_bowl split=calibration init=35 admitted=0
EVENT_DONE seed=17 task=put_the_cream_cheese_in_the_bowl split=calibration init=36 admitted=0
EVENT_DONE seed=17 task=put_the_cream_cheese_in_the_bowl split=calibration init=37 admitted=0
EVENT_DONE seed=17 task=put_the_cream_cheese_in_the_bowl split=calibration init=38 admitted=0
EVENT_DONE seed=17 task=put_the_cream_cheese_in_the_bowl split=calibration init=39 admitted=0
/mnt/cpfs/zbl-cpfs-new/USERS/leon/envs/libero_sft/lib/python3.11/site-packages/torch/nn/modules/transformer.py:379: UserWarning: enable_nested_tensor is True, but self.use_nested_tensor is False because encoder_layer.norm_first was True
  warnings.warn(
EVENT_DONE seed=7 task=put_the_bowl_on_the_stove split=calibration init=30 admitted=0
EVENT_DONE seed=7 task=put_the_bowl_on_the_stove split=calibration init=31 admitted=0
EVENT_DONE seed=7 task=put_the_bowl_on_the_stove split=calibration init=32 admitted=0
EVENT_DONE seed=7 task=put_the_bowl_on_the_stove split=calibration init=33 admitted=0
EVENT_DONE seed=7 task=put_the_bowl_on_the_stove split=calibration init=34 admitted=0
EVENT_DONE seed=7 task=put_the_bowl_on_the_stove split=calibration init=35 admitted=0
EVENT_DONE seed=7 task=put_the_bowl_on_the_stove split=calibration init=36 admitted=0
EVENT_DONE seed=7 task=put_the_bowl_on_the_stove split=calibration init=37 admitted=0
EVENT_DONE seed=7 task=put_the_bowl_on_the_stove split=calibration init=38 admitted=0
EVENT_DONE seed=7 task=put_the_bowl_on_the_stove split=calibration init=39 admitted=0
/mnt/cpfs/zbl-cpfs-new/USERS/leon/envs/libero_sft/lib/python3.11/site-packages/torch/nn/modules/transformer.py:379: UserWarning: enable_nested_tensor is True, but self.use_nested_tensor is False because encoder_layer.norm_first was True
  warnings.warn(
EVENT_DONE seed=29 task=put_the_bowl_on_the_stove split=calibration init=30 admitted=0
EVENT_DONE seed=29 task=put_the_bowl_on_the_stove split=calibration init=31 admitted=0
EVENT_DONE seed=29 task=put_the_bowl_on_the_stove split=calibration init=32 admitted=0
EVENT_DONE seed=29 task=put_the_bowl_on_the_stove split=calibration init=33 admitted=0
EVENT_DONE seed=29 task=put_the_bowl_on_the_stove split=calibration init=34 admitted=0
EVENT_DONE seed=29 task=put_the_bowl_on_the_stove split=calibration init=35 admitted=0
EVENT_DONE seed=29 task=put_the_bowl_on_the_stove split=calibration init=36 admitted=0
EVENT_DONE seed=29 task=put_the_bowl_on_the_stove split=calibration init=37 admitted=0
EVENT_DONE seed=29 task=put_the_bowl_on_the_stove split=calibration init=38 admitted=0
EVENT_DONE seed=29 task=put_the_bowl_on_the_stove split=calibration init=39 admitted=0
/mnt/cpfs/zbl-cpfs-new/USERS/leon/envs/libero_sft/lib/python3.11/site-packages/torch/nn/modules/transformer.py:379: UserWarning: enable_nested_tensor is True, but self.use_nested_tensor is False because encoder_layer.norm_first was True
  warnings.warn(
EVENT_DONE seed=17 task=push_the_plate_to_the_front_of_the_stove split=calibration init=30 admitted=0
EVENT_DONE seed=17 task=push_the_plate_to_the_front_of_the_stove split=calibration init=31 admitted=0
EVENT_DONE seed=17 task=push_the_plate_to_the_front_of_the_stove split=calibration init=32 admitted=0
EVENT_DONE seed=17 task=push_the_plate_to_the_front_of_the_stove split=calibration init=33 admitted=0
EVENT_DONE seed=17 task=push_the_plate_to_the_front_of_the_stove split=calibration init=34 admitted=0
EVENT_DONE seed=17 task=push_the_plate_to_the_front_of_the_stove split=calibration init=35 admitted=0
EVENT_DONE seed=17 task=push_the_plate_to_the_front_of_the_stove split=calibration init=36 admitted=0
EVENT_DONE seed=17 task=push_the_plate_to_the_front_of_the_stove split=calibration init=37 admitted=0
EVENT_DONE seed=17 task=push_the_plate_to_the_front_of_the_stove split=calibration init=38 admitted=0
EVENT_DONE seed=17 task=push_the_plate_to_the_front_of_the_stove split=calibration init=39 admitted=0
/mnt/cpfs/zbl-cpfs-new/USERS/leon/envs/libero_sft/lib/python3.11/site-packages/torch/nn/modules/transformer.py:379: UserWarning: enable_nested_tensor is True, but self.use_nested_tensor is False because encoder_layer.norm_first was True
  warnings.warn(
EVENT_DONE seed=7 task=open_the_top_drawer_and_put_the_bowl_inside split=calibration init=30 admitted=0
EVENT_DONE seed=7 task=open_the_top_drawer_and_put_the_bowl_inside split=calibration init=31 admitted=0
EVENT_DONE seed=7 task=open_the_top_drawer_and_put_the_bowl_inside split=calibration init=32 admitted=0
EVENT_DONE seed=7 task=open_the_top_drawer_and_put_the_bowl_inside split=calibration init=33 admitted=0
EVENT_DONE seed=7 task=open_the_top_drawer_and_put_the_bowl_inside split=calibration init=34 admitted=0
EVENT_DONE seed=7 task=open_the_top_drawer_and_put_the_bowl_inside split=calibration init=35 admitted=0
EVENT_DONE seed=7 task=open_the_top_drawer_and_put_the_bowl_inside split=calibration init=36 admitted=0
EVENT_DONE seed=7 task=open_the_top_drawer_and_put_the_bowl_inside split=calibration init=37 admitted=0
EVENT_DONE seed=7 task=open_the_top_drawer_and_put_the_bowl_inside split=calibration init=38 admitted=0
EVENT_DONE seed=7 task=open_the_top_drawer_and_put_the_bowl_inside split=calibration init=39 admitted=0
/mnt/cpfs/zbl-cpfs-new/USERS/leon/envs/libero_sft/lib/python3.11/site-packages/torch/nn/modules/transformer.py:379: UserWarning: enable_nested_tensor is True, but self.use_nested_tensor is False because encoder_layer.norm_first was True
  warnings.warn(
EVENT_DONE seed=29 task=open_the_top_drawer_and_put_the_bowl_inside split=calibration init=30 admitted=0
EVENT_DONE seed=29 task=open_the_top_drawer_and_put_the_bowl_inside split=calibration init=31 admitted=0
EVENT_DONE seed=29 task=open_the_top_drawer_and_put_the_bowl_inside split=calibration init=32 admitted=0
EVENT_DONE seed=29 task=open_the_top_drawer_and_put_the_bowl_inside split=calibration init=33 admitted=0
EVENT_DONE seed=29 task=open_the_top_drawer_and_put_the_bowl_inside split=calibration init=34 admitted=0
EVENT_DONE seed=29 task=open_the_top_drawer_and_put_the_bowl_inside split=calibration init=35 admitted=0
EVENT_DONE seed=29 task=open_the_top_drawer_and_put_the_bowl_inside split=calibration init=36 admitted=0
EVENT_DONE seed=29 task=open_the_top_drawer_and_put_the_bowl_inside split=calibration init=37 admitted=0
EVENT_DONE seed=29 task=open_the_top_drawer_and_put_the_bowl_inside split=calibration init=38 admitted=0
EVENT_DONE seed=29 task=open_the_top_drawer_and_put_the_bowl_inside split=calibration init=39 admitted=0
/mnt/cpfs/zbl-cpfs-new/USERS/leon/envs/libero_sft/lib/python3.11/site-packages/torch/nn/modules/transformer.py:379: UserWarning: enable_nested_tensor is True, but self.use_nested_tensor is False because encoder_layer.norm_first was True
  warnings.warn(
EVENT_DONE seed=17 task=put_the_cream_cheese_in_the_bowl split=evaluation init=40 admitted=0
EVENT_DONE seed=17 task=put_the_cream_cheese_in_the_bowl split=evaluation init=41 admitted=0
EVENT_DONE seed=17 task=put_the_cream_cheese_in_the_bowl split=evaluation init=42 admitted=0
EVENT_DONE seed=17 task=put_the_cream_cheese_in_the_bowl split=evaluation init=43 admitted=0
EVENT_DONE seed=17 task=put_the_cream_cheese_in_the_bowl split=evaluation init=44 admitted=0
EVENT_DONE seed=17 task=put_the_cream_cheese_in_the_bowl split=evaluation init=45 admitted=0
EVENT_DONE seed=17 task=put_the_cream_cheese_in_the_bowl split=evaluation init=46 admitted=0
EVENT_DONE seed=17 task=put_the_cream_cheese_in_the_bowl split=evaluation init=47 admitted=0
EVENT_DONE seed=17 task=put_the_cream_cheese_in_the_bowl split=evaluation init=48 admitted=0
EVENT_DONE seed=17 task=put_the_cream_cheese_in_the_bowl split=evaluation init=49 admitted=0
/mnt/cpfs/zbl-cpfs-new/USERS/leon/envs/libero_sft/lib/python3.11/site-packages/torch/nn/modules/transformer.py:379: UserWarning: enable_nested_tensor is True, but self.use_nested_tensor is False because encoder_layer.norm_first was True
  warnings.warn(
EVENT_DONE seed=7 task=put_the_bowl_on_the_stove split=evaluation init=40 admitted=0
EVENT_DONE seed=7 task=put_the_bowl_on_the_stove split=evaluation init=41 admitted=0
EVENT_DONE seed=7 task=put_the_bowl_on_the_stove split=evaluation init=42 admitted=0
EVENT_DONE seed=7 task=put_the_bowl_on_the_stove split=evaluation init=43 admitted=0
EVENT_DONE seed=7 task=put_the_bowl_on_the_stove split=evaluation init=44 admitted=0
EVENT_DONE seed=7 task=put_the_bowl_on_the_stove split=evaluation init=45 admitted=0
EVENT_DONE seed=7 task=put_the_bowl_on_the_stove split=evaluation init=46 admitted=0
EVENT_DONE seed=7 task=put_the_bowl_on_the_stove split=evaluation init=47 admitted=0
EVENT_DONE seed=7 task=put_the_bowl_on_the_stove split=evaluation init=48 admitted=0
EVENT_DONE seed=7 task=put_the_bowl_on_the_stove split=evaluation init=49 admitted=0
/mnt/cpfs/zbl-cpfs-new/USERS/leon/envs/libero_sft/lib/python3.11/site-packages/torch/nn/modules/transformer.py:379: UserWarning: enable_nested_tensor is True, but self.use_nested_tensor is False because encoder_layer.norm_first was True
  warnings.warn(
EVENT_DONE seed=29 task=put_the_bowl_on_the_stove split=evaluation init=40 admitted=0
EVENT_DONE seed=29 task=put_the_bowl_on_the_stove split=evaluation init=41 admitted=0
EVENT_DONE seed=29 task=put_the_bowl_on_the_stove split=evaluation init=42 admitted=0
EVENT_DONE seed=29 task=put_the_bowl_on_the_stove split=evaluation init=43 admitted=0
EVENT_DONE seed=29 task=put_the_bowl_on_the_stove split=evaluation init=44 admitted=0
EVENT_DONE seed=29 task=put_the_bowl_on_the_stove split=evaluation init=45 admitted=0
EVENT_DONE seed=29 task=put_the_bowl_on_the_stove split=evaluation init=46 admitted=0
EVENT_DONE seed=29 task=put_the_bowl_on_the_stove split=evaluation init=47 admitted=0
EVENT_DONE seed=29 task=put_the_bowl_on_the_stove split=evaluation init=48 admitted=0
EVENT_DONE seed=29 task=put_the_bowl_on_the_stove split=evaluation init=49 admitted=0
/mnt/cpfs/zbl-cpfs-new/USERS/leon/envs/libero_sft/lib/python3.11/site-packages/torch/nn/modules/transformer.py:379: UserWarning: enable_nested_tensor is True, but self.use_nested_tensor is False because encoder_layer.norm_first was True
  warnings.warn(
EVENT_DONE seed=17 task=push_the_plate_to_the_front_of_the_stove split=evaluation init=40 admitted=0
EVENT_DONE seed=17 task=push_the_plate_to_the_front_of_the_stove split=evaluation init=41 admitted=0
EVENT_DONE seed=17 task=push_the_plate_to_the_front_of_the_stove split=evaluation init=42 admitted=0
EVENT_DONE seed=17 task=push_the_plate_to_the_front_of_the_stove split=evaluation init=43 admitted=0
EVENT_DONE seed=17 task=push_the_plate_to_the_front_of_the_stove split=evaluation init=44 admitted=0
EVENT_DONE seed=17 task=push_the_plate_to_the_front_of_the_stove split=evaluation init=45 admitted=0
EVENT_DONE seed=17 task=push_the_plate_to_the_front_of_the_stove split=evaluation init=46 admitted=0
EVENT_DONE seed=17 task=push_the_plate_to_the_front_of_the_stove split=evaluation init=47 admitted=0
EVENT_DONE seed=17 task=push_the_plate_to_the_front_of_the_stove split=evaluation init=48 admitted=0
EVENT_DONE seed=17 task=push_the_plate_to_the_front_of_the_stove split=evaluation init=49 admitted=0
/mnt/cpfs/zbl-cpfs-new/USERS/leon/envs/libero_sft/lib/python3.11/site-packages/torch/nn/modules/transformer.py:379: UserWarning: enable_nested_tensor is True, but self.use_nested_tensor is False because encoder_layer.norm_first was True
  warnings.warn(
EVENT_DONE seed=7 task=open_the_top_drawer_and_put_the_bowl_inside split=evaluation init=40 admitted=0
EVENT_DONE seed=7 task=open_the_top_drawer_and_put_the_bowl_inside split=evaluation init=41 admitted=0
EVENT_DONE seed=7 task=open_the_top_drawer_and_put_the_bowl_inside split=evaluation init=42 admitted=0
EVENT_DONE seed=7 task=open_the_top_drawer_and_put_the_bowl_inside split=evaluation init=43 admitted=0
EVENT_DONE seed=7 task=open_the_top_drawer_and_put_the_bowl_inside split=evaluation init=44 admitted=0
EVENT_DONE seed=7 task=open_the_top_drawer_and_put_the_bowl_inside split=evaluation init=45 admitted=0
EVENT_DONE seed=7 task=open_the_top_drawer_and_put_the_bowl_inside split=evaluation init=46 admitted=0
EVENT_DONE seed=7 task=open_the_top_drawer_and_put_the_bowl_inside split=evaluation init=47 admitted=0
EVENT_DONE seed=7 task=open_the_top_drawer_and_put_the_bowl_inside split=evaluation init=48 admitted=0
EVENT_DONE seed=7 task=open_the_top_drawer_and_put_the_bowl_inside split=evaluation init=49 admitted=0
/mnt/cpfs/zbl-cpfs-new/USERS/leon/envs/libero_sft/lib/python3.11/site-packages/torch/nn/modules/transformer.py:379: UserWarning: enable_nested_tensor is True, but self.use_nested_tensor is False because encoder_layer.norm_first was True
  warnings.warn(
EVENT_DONE seed=29 task=open_the_top_drawer_and_put_the_bowl_inside split=evaluation init=40 admitted=0
EVENT_DONE seed=29 task=open_the_top_drawer_and_put_the_bowl_inside split=evaluation init=41 admitted=0
EVENT_DONE seed=29 task=open_the_top_drawer_and_put_the_bowl_inside split=evaluation init=42 admitted=0
EVENT_DONE seed=29 task=open_the_top_drawer_and_put_the_bowl_inside split=evaluation init=43 admitted=0
EVENT_DONE seed=29 task=open_the_top_drawer_and_put_the_bowl_inside split=evaluation init=44 admitted=0
EVENT_DONE seed=29 task=open_the_top_drawer_and_put_the_bowl_inside split=evaluation init=45 admitted=0
EVENT_DONE seed=29 task=open_the_top_drawer_and_put_the_bowl_inside split=evaluation init=46 admitted=0
EVENT_DONE seed=29 task=open_the_top_drawer_and_put_the_bowl_inside split=evaluation init=47 admitted=0
EVENT_DONE seed=29 task=open_the_top_drawer_and_put_the_bowl_inside split=evaluation init=48 admitted=0
EVENT_DONE seed=29 task=open_the_top_drawer_and_put_the_bowl_inside split=evaluation init=49 admitted=0
