[info] using task orders [0, 1, 2, 3, 4, 5, 6, 7, 8, 9]
ORACLE_CANDIDATE_COMPLETE task=put_the_wine_bottle_on_the_rack index=1/30 candidate=demo00_t0275_a0_p02_low k_irrev=17 window=15 replay=1
ORACLE_CANDIDATE_COMPLETE task=put_the_wine_bottle_on_the_rack index=2/30 candidate=demo00_t0275_a0_p06_medium k_irrev=17 window=11 replay=1
ORACLE_CANDIDATE_COMPLETE task=put_the_wine_bottle_on_the_rack index=3/30 candidate=demo00_t0275_a0_p10_high k_irrev=17 window=7 replay=1
ORACLE_CANDIDATE_COMPLETE task=put_the_wine_bottle_on_the_rack index=4/30 candidate=demo00_t0283_a1_p02_medium k_irrev=14 window=12 replay=1
ORACLE_CANDIDATE_COMPLETE task=put_the_wine_bottle_on_the_rack index=5/30 candidate=demo00_t0283_a1_p06_high k_irrev=6 window=0 replay=1
ORACLE_CANDIDATE_COMPLETE task=put_the_wine_bottle_on_the_rack index=6/30 candidate=demo00_t0283_a1_p10_low k_irrev=14 window=4 replay=1
ORACLE_CANDIDATE_COMPLETE task=put_the_wine_bottle_on_the_rack index=7/30 candidate=demo00_t0289_a2_p02_high k_irrev=2 window=0 replay=1
ORACLE_CANDIDATE_COMPLETE task=put_the_wine_bottle_on_the_rack index=8/30 candidate=demo00_t0289_a2_p06_low k_irrev=6 window=0 replay=1
ORACLE_CANDIDATE_COMPLETE task=put_the_wine_bottle_on_the_rack index=9/30 candidate=demo00_t0289_a2_p10_medium k_irrev=10 window=0 replay=1
ORACLE_CANDIDATE_COMPLETE task=put_the_wine_bottle_on_the_rack index=10/30 candidate=demo01_t0149_a0_p02_medium k_irrev=2 window=0 replay=1
ORACLE_CANDIDATE_COMPLETE task=put_the_wine_bottle_on_the_rack index=11/30 candidate=demo01_t0149_a0_p06_high k_irrev=6 window=0 replay=1
ORACLE_CANDIDATE_COMPLETE task=put_the_wine_bottle_on_the_rack index=12/30 candidate=demo01_t0149_a0_p10_low k_irrev=10 window=0 replay=1
ORACLE_CANDIDATE_COMPLETE task=put_the_wine_bottle_on_the_rack index=13/30 candidate=demo01_t0157_a1_p02_high k_irrev=2 window=0 replay=1
ORACLE_CANDIDATE_COMPLETE task=put_the_wine_bottle_on_the_rack index=14/30 candidate=demo01_t0157_a1_p06_low k_irrev=6 window=0 replay=1
ORACLE_CANDIDATE_COMPLETE task=put_the_wine_bottle_on_the_rack index=15/30 candidate=demo01_t0157_a1_p10_medium k_irrev=10 window=0 replay=1
ORACLE_CANDIDATE_COMPLETE task=put_the_wine_bottle_on_the_rack index=16/30 candidate=demo02_t0161_a0_p02_high k_irrev=2 window=0 replay=1
ORACLE_CANDIDATE_COMPLETE task=put_the_wine_bottle_on_the_rack index=17/30 candidate=demo02_t0161_a0_p06_low k_irrev=6 window=0 replay=1
ORACLE_CANDIDATE_COMPLETE task=put_the_wine_bottle_on_the_rack index=18/30 candidate=demo02_t0161_a0_p10_medium k_irrev=10 window=0 replay=1
ORACLE_CANDIDATE_COMPLETE task=put_the_wine_bottle_on_the_rack index=19/30 candidate=demo02_t0167_a1_p02_low k_irrev=2 window=0 replay=1
ORACLE_CANDIDATE_COMPLETE task=put_the_wine_bottle_on_the_rack index=20/30 candidate=demo02_t0167_a1_p06_medium k_irrev=6 window=0 replay=1
ORACLE_CANDIDATE_COMPLETE task=put_the_wine_bottle_on_the_rack index=21/30 candidate=demo02_t0167_a1_p10_high k_irrev=17 window=7 replay=1
ORACLE_CANDIDATE_COMPLETE task=put_the_wine_bottle_on_the_rack index=22/30 candidate=demo03_t0186_a0_p02_low k_irrev=2 window=0 replay=1
ORACLE_CANDIDATE_COMPLETE task=put_the_wine_bottle_on_the_rack index=23/30 candidate=demo03_t0186_a0_p06_medium k_irrev=6 window=0 replay=1
ORACLE_CANDIDATE_COMPLETE task=put_the_wine_bottle_on_the_rack index=24/30 candidate=demo03_t0186_a0_p10_high k_irrev=10 window=0 replay=1
ORACLE_CANDIDATE_COMPLETE task=put_the_wine_bottle_on_the_rack index=25/30 candidate=demo03_t0194_a1_p02_medium k_irrev=2 window=0 replay=1
ORACLE_CANDIDATE_COMPLETE task=put_the_wine_bottle_on_the_rack index=26/30 candidate=demo03_t0194_a1_p06_high k_irrev=6 window=0 replay=1
ORACLE_CANDIDATE_COMPLETE task=put_the_wine_bottle_on_the_rack index=27/30 candidate=demo03_t0194_a1_p10_low k_irrev=10 window=0 replay=1
ORACLE_CANDIDATE_COMPLETE task=put_the_wine_bottle_on_the_rack index=28/30 candidate=demo03_t0200_a2_p02_high k_irrev=2 window=0 replay=1
ORACLE_CANDIDATE_COMPLETE task=put_the_wine_bottle_on_the_rack index=29/30 candidate=demo03_t0200_a2_p06_low k_irrev=6 window=0 replay=1
ORACLE_CANDIDATE_COMPLETE task=put_the_wine_bottle_on_the_rack index=30/30 candidate=demo03_t0200_a2_p10_medium k_irrev=10 window=0 replay=1
ORACLE_AUDIT_COMPLETE summary=/mnt/cpfs/zbl-cpfs-new/USERS/leon/logs/r16_p14_libero_stage1/pai/r16p14-libero-stage1-20260812-144626/shards/put_the_wine_bottle_on_the_rack/r16p14-libero-stage1-pilot-v1/oracle_audit/put_the_wine_bottle_on_the_rack/summary.json
