[info] using task orders [0, 1, 2, 3, 4, 5, 6, 7, 8, 9]
ORACLE_CANDIDATE_COMPLETE task=open_the_middle_drawer_of_the_cabinet index=1/30 candidate=demo00_t0096_a0_p02_low k_irrev=2 window=0 replay=1
ORACLE_CANDIDATE_COMPLETE task=open_the_middle_drawer_of_the_cabinet index=2/30 candidate=demo00_t0096_a0_p06_medium k_irrev=6 window=0 replay=1
ORACLE_CANDIDATE_COMPLETE task=open_the_middle_drawer_of_the_cabinet index=3/30 candidate=demo00_t0096_a0_p10_high k_irrev=10 window=0 replay=1
ORACLE_CANDIDATE_COMPLETE task=open_the_middle_drawer_of_the_cabinet index=4/30 candidate=demo00_t0104_a1_p02_medium k_irrev=2 window=0 replay=1
ORACLE_CANDIDATE_COMPLETE task=open_the_middle_drawer_of_the_cabinet index=5/30 candidate=demo00_t0104_a1_p06_high k_irrev=6 window=0 replay=1
ORACLE_CANDIDATE_COMPLETE task=open_the_middle_drawer_of_the_cabinet index=6/30 candidate=demo00_t0104_a1_p10_low k_irrev=10 window=0 replay=1
ORACLE_CANDIDATE_COMPLETE task=open_the_middle_drawer_of_the_cabinet index=7/30 candidate=demo00_t0110_a2_p02_high k_irrev=2 window=0 replay=1
ORACLE_CANDIDATE_COMPLETE task=open_the_middle_drawer_of_the_cabinet index=8/30 candidate=demo00_t0110_a2_p06_low k_irrev=10 window=4 replay=1
ORACLE_CANDIDATE_COMPLETE task=open_the_middle_drawer_of_the_cabinet index=9/30 candidate=demo00_t0110_a2_p10_medium k_irrev=10 window=0 replay=1
ORACLE_CANDIDATE_COMPLETE task=open_the_middle_drawer_of_the_cabinet index=10/30 candidate=demo01_t0102_a0_p02_medium k_irrev=2 window=0 replay=1
ORACLE_CANDIDATE_COMPLETE task=open_the_middle_drawer_of_the_cabinet index=11/30 candidate=demo01_t0102_a0_p06_high k_irrev=6 window=0 replay=1
ORACLE_CANDIDATE_COMPLETE task=open_the_middle_drawer_of_the_cabinet index=12/30 candidate=demo01_t0102_a0_p10_low k_irrev=10 window=0 replay=1
ORACLE_CANDIDATE_COMPLETE task=open_the_middle_drawer_of_the_cabinet index=13/30 candidate=demo01_t0110_a1_p02_high k_irrev=17 window=15 replay=1
ORACLE_CANDIDATE_COMPLETE task=open_the_middle_drawer_of_the_cabinet index=14/30 candidate=demo01_t0110_a1_p06_low k_irrev=6 window=0 replay=1
ORACLE_CANDIDATE_COMPLETE task=open_the_middle_drawer_of_the_cabinet index=15/30 candidate=demo01_t0110_a1_p10_medium k_irrev=10 window=0 replay=1
ORACLE_CANDIDATE_COMPLETE task=open_the_middle_drawer_of_the_cabinet index=16/30 candidate=demo01_t0116_a2_p02_low k_irrev=2 window=0 replay=1
ORACLE_CANDIDATE_COMPLETE task=open_the_middle_drawer_of_the_cabinet index=17/30 candidate=demo01_t0116_a2_p06_medium k_irrev=6 window=0 replay=1
ORACLE_CANDIDATE_COMPLETE task=open_the_middle_drawer_of_the_cabinet index=18/30 candidate=demo01_t0116_a2_p10_high k_irrev=17 window=7 replay=1
ORACLE_CANDIDATE_COMPLETE task=open_the_middle_drawer_of_the_cabinet index=19/30 candidate=demo02_t0112_a0_p02_high k_irrev=2 window=0 replay=1
ORACLE_CANDIDATE_COMPLETE task=open_the_middle_drawer_of_the_cabinet index=20/30 candidate=demo02_t0112_a0_p06_low k_irrev=6 window=0 replay=1
ORACLE_CANDIDATE_COMPLETE task=open_the_middle_drawer_of_the_cabinet index=21/30 candidate=demo02_t0112_a0_p10_medium k_irrev=10 window=0 replay=1
ORACLE_CANDIDATE_COMPLETE task=open_the_middle_drawer_of_the_cabinet index=22/30 candidate=demo02_t0120_a1_p02_low k_irrev=2 window=0 replay=1
ORACLE_CANDIDATE_COMPLETE task=open_the_middle_drawer_of_the_cabinet index=23/30 candidate=demo02_t0120_a1_p06_medium k_irrev=6 window=0 replay=1
ORACLE_CANDIDATE_COMPLETE task=open_the_middle_drawer_of_the_cabinet index=24/30 candidate=demo02_t0120_a1_p10_high k_irrev=10 window=0 replay=1
ORACLE_CANDIDATE_COMPLETE task=open_the_middle_drawer_of_the_cabinet index=25/30 candidate=demo02_t0126_a2_p02_medium k_irrev=2 window=0 replay=1
ORACLE_CANDIDATE_COMPLETE task=open_the_middle_drawer_of_the_cabinet index=26/30 candidate=demo02_t0126_a2_p06_high k_irrev=6 window=0 replay=1
ORACLE_CANDIDATE_COMPLETE task=open_the_middle_drawer_of_the_cabinet index=27/30 candidate=demo02_t0126_a2_p10_low k_irrev=10 window=0 replay=1
ORACLE_CANDIDATE_COMPLETE task=open_the_middle_drawer_of_the_cabinet index=28/30 candidate=demo03_t0093_a0_p02_low k_irrev=2 window=0 replay=1
ORACLE_CANDIDATE_COMPLETE task=open_the_middle_drawer_of_the_cabinet index=29/30 candidate=demo03_t0093_a0_p06_medium k_irrev=6 window=0 replay=1
ORACLE_CANDIDATE_COMPLETE task=open_the_middle_drawer_of_the_cabinet index=30/30 candidate=demo03_t0093_a0_p10_high k_irrev=10 window=0 replay=1
ORACLE_AUDIT_COMPLETE summary=/mnt/cpfs/zbl-cpfs-new/USERS/leon/logs/r16_p14_libero_stage1/pai/r16p14-libero-stage1-20260812-144626/shards/open_the_middle_drawer_of_the_cabinet/r16p14-libero-stage1-pilot-v1/oracle_audit/open_the_middle_drawer_of_the_cabinet/summary.json
