[info] using task orders [0, 1, 2, 3, 4, 5, 6, 7, 8, 9]
ORACLE_CANDIDATE_COMPLETE task=put_the_bowl_on_the_plate index=1/30 candidate=demo00_t0068_a0_p02_low k_irrev=17 window=15 replay=1
ORACLE_CANDIDATE_COMPLETE task=put_the_bowl_on_the_plate index=2/30 candidate=demo00_t0068_a0_p06_medium k_irrev=17 window=11 replay=1
ORACLE_CANDIDATE_COMPLETE task=put_the_bowl_on_the_plate index=3/30 candidate=demo00_t0068_a0_p10_high k_irrev=14 window=4 replay=1
ORACLE_CANDIDATE_COMPLETE task=put_the_bowl_on_the_plate index=4/30 candidate=demo00_t0073_a1_p02_medium k_irrev=17 window=15 replay=1
ORACLE_CANDIDATE_COMPLETE task=put_the_bowl_on_the_plate index=5/30 candidate=demo00_t0073_a1_p06_high k_irrev=6 window=0 replay=1
ORACLE_CANDIDATE_COMPLETE task=put_the_bowl_on_the_plate index=6/30 candidate=demo00_t0073_a1_p10_low k_irrev=17 window=7 replay=1
ORACLE_CANDIDATE_COMPLETE task=put_the_bowl_on_the_plate index=7/30 candidate=demo01_t0071_a0_p02_medium k_irrev=10 window=8 replay=1
ORACLE_CANDIDATE_COMPLETE task=put_the_bowl_on_the_plate index=8/30 candidate=demo01_t0071_a0_p06_high k_irrev=14 window=8 replay=0
ORACLE_CANDIDATE_COMPLETE task=put_the_bowl_on_the_plate index=9/30 candidate=demo01_t0071_a0_p10_low k_irrev=17 window=7 replay=0
ORACLE_CANDIDATE_COMPLETE task=put_the_bowl_on_the_plate index=10/30 candidate=demo02_t0075_a0_p02_high k_irrev=4 window=2 replay=1
ORACLE_CANDIDATE_COMPLETE task=put_the_bowl_on_the_plate index=11/30 candidate=demo02_t0075_a0_p06_low k_irrev=17 window=11 replay=1
ORACLE_CANDIDATE_COMPLETE task=put_the_bowl_on_the_plate index=12/30 candidate=demo02_t0075_a0_p10_medium k_irrev=17 window=7 replay=0
ORACLE_CANDIDATE_COMPLETE task=put_the_bowl_on_the_plate index=13/30 candidate=demo03_t0075_a0_p02_low k_irrev=17 window=15 replay=1
ORACLE_CANDIDATE_COMPLETE task=put_the_bowl_on_the_plate index=14/30 candidate=demo03_t0075_a0_p06_medium k_irrev=6 window=0 replay=1
ORACLE_CANDIDATE_COMPLETE task=put_the_bowl_on_the_plate index=15/30 candidate=demo03_t0075_a0_p10_high k_irrev=10 window=0 replay=1
ORACLE_CANDIDATE_COMPLETE task=put_the_bowl_on_the_plate index=16/30 candidate=demo03_t0077_a1_p02_medium k_irrev=17 window=15 replay=1
ORACLE_CANDIDATE_COMPLETE task=put_the_bowl_on_the_plate index=17/30 candidate=demo03_t0077_a1_p06_high k_irrev=6 window=0 replay=1
ORACLE_CANDIDATE_COMPLETE task=put_the_bowl_on_the_plate index=18/30 candidate=demo03_t0077_a1_p10_low k_irrev=17 window=7 replay=1
ORACLE_CANDIDATE_COMPLETE task=put_the_bowl_on_the_plate index=19/30 candidate=demo04_t0063_a0_p02_medium k_irrev=17 window=15 replay=1
ORACLE_CANDIDATE_COMPLETE task=put_the_bowl_on_the_plate index=20/30 candidate=demo04_t0063_a0_p06_high k_irrev=10 window=4 replay=0
ORACLE_CANDIDATE_COMPLETE task=put_the_bowl_on_the_plate index=21/30 candidate=demo04_t0063_a0_p10_low k_irrev=17 window=7 replay=1
ORACLE_CANDIDATE_COMPLETE task=put_the_bowl_on_the_plate index=22/30 candidate=demo05_t0068_a0_p02_high k_irrev=14 window=12 replay=1
ORACLE_CANDIDATE_COMPLETE task=put_the_bowl_on_the_plate index=23/30 candidate=demo05_t0068_a0_p06_low k_irrev=17 window=11 replay=1
ORACLE_CANDIDATE_COMPLETE task=put_the_bowl_on_the_plate index=24/30 candidate=demo05_t0068_a0_p10_medium k_irrev=16 window=6 replay=1
ORACLE_CANDIDATE_COMPLETE task=put_the_bowl_on_the_plate index=25/30 candidate=demo05_t0072_a1_p02_low k_irrev=17 window=15 replay=1
ORACLE_CANDIDATE_COMPLETE task=put_the_bowl_on_the_plate index=26/30 candidate=demo05_t0072_a1_p06_medium k_irrev=6 window=0 replay=1
ORACLE_CANDIDATE_COMPLETE task=put_the_bowl_on_the_plate index=27/30 candidate=demo05_t0072_a1_p10_high k_irrev=10 window=0 replay=1
ORACLE_CANDIDATE_COMPLETE task=put_the_bowl_on_the_plate index=28/30 candidate=demo06_t0083_a0_p02_low k_irrev=17 window=15 replay=1
ORACLE_CANDIDATE_COMPLETE task=put_the_bowl_on_the_plate index=29/30 candidate=demo06_t0083_a0_p06_medium k_irrev=17 window=11 replay=1
ORACLE_CANDIDATE_COMPLETE task=put_the_bowl_on_the_plate index=30/30 candidate=demo06_t0083_a0_p10_high k_irrev=17 window=7 replay=1
ORACLE_AUDIT_COMPLETE summary=/mnt/cpfs/zbl-cpfs-new/USERS/leon/logs/r16_p14_libero_stage1/pai/r16p14-libero-stage1-20260812-144626/shards/put_the_bowl_on_the_plate/r16p14-libero-stage1-pilot-v1/oracle_audit/put_the_bowl_on_the_plate/summary.json
