/mnt/cpfs/zbl-cpfs-new/USERS/leon/envs/libero_sft/lib/python3.11/site-packages/torch/nn/modules/transformer.py:379: UserWarning: enable_nested_tensor is True, but self.use_nested_tensor is False because encoder_layer.norm_first was True
  warnings.warn(
[info] using task orders [0, 1, 2, 3, 4, 5, 6, 7, 8, 9]
[info] using task orders [0, 1, 2, 3, 4, 5, 6, 7, 8, 9]
QUALIFY_DONE event=put_the_cream_cheese_in_the_bowl__seed07__init30 parameter=shift_040mm ok=1
[info] using task orders [0, 1, 2, 3, 4, 5, 6, 7, 8, 9]
QUALIFY_DONE event=put_the_cream_cheese_in_the_bowl__seed07__init30 parameter=shift_060mm ok=1
[info] using task orders [0, 1, 2, 3, 4, 5, 6, 7, 8, 9]
QUALIFY_DONE event=put_the_cream_cheese_in_the_bowl__seed07__init30 parameter=shift_080mm ok=1
[info] using task orders [0, 1, 2, 3, 4, 5, 6, 7, 8, 9]
[info] using task orders [0, 1, 2, 3, 4, 5, 6, 7, 8, 9]
QUALIFY_DONE event=put_the_cream_cheese_in_the_bowl__seed07__init31 parameter=shift_040mm ok=1
[info] using task orders [0, 1, 2, 3, 4, 5, 6, 7, 8, 9]
QUALIFY_DONE event=put_the_cream_cheese_in_the_bowl__seed07__init31 parameter=shift_060mm ok=1
[info] using task orders [0, 1, 2, 3, 4, 5, 6, 7, 8, 9]
QUALIFY_DONE event=put_the_cream_cheese_in_the_bowl__seed07__init31 parameter=shift_080mm ok=1
[info] using task orders [0, 1, 2, 3, 4, 5, 6, 7, 8, 9]
[info] using task orders [0, 1, 2, 3, 4, 5, 6, 7, 8, 9]
QUALIFY_DONE event=put_the_cream_cheese_in_the_bowl__seed07__init32 parameter=shift_040mm ok=1
[info] using task orders [0, 1, 2, 3, 4, 5, 6, 7, 8, 9]
QUALIFY_DONE event=put_the_cream_cheese_in_the_bowl__seed07__init32 parameter=shift_060mm ok=1
[info] using task orders [0, 1, 2, 3, 4, 5, 6, 7, 8, 9]
QUALIFY_DONE event=put_the_cream_cheese_in_the_bowl__seed07__init32 parameter=shift_080mm ok=1
[info] using task orders [0, 1, 2, 3, 4, 5, 6, 7, 8, 9]
[info] using task orders [0, 1, 2, 3, 4, 5, 6, 7, 8, 9]
QUALIFY_DONE event=put_the_cream_cheese_in_the_bowl__seed07__init33 parameter=shift_040mm ok=1
[info] using task orders [0, 1, 2, 3, 4, 5, 6, 7, 8, 9]
QUALIFY_DONE event=put_the_cream_cheese_in_the_bowl__seed07__init33 parameter=shift_060mm ok=1
[info] using task orders [0, 1, 2, 3, 4, 5, 6, 7, 8, 9]
QUALIFY_DONE event=put_the_cream_cheese_in_the_bowl__seed07__init33 parameter=shift_080mm ok=1
[info] using task orders [0, 1, 2, 3, 4, 5, 6, 7, 8, 9]
[info] using task orders [0, 1, 2, 3, 4, 5, 6, 7, 8, 9]
QUALIFY_DONE event=put_the_cream_cheese_in_the_bowl__seed07__init34 parameter=shift_040mm ok=1
[info] using task orders [0, 1, 2, 3, 4, 5, 6, 7, 8, 9]
QUALIFY_DONE event=put_the_cream_cheese_in_the_bowl__seed07__init34 parameter=shift_060mm ok=1
[info] using task orders [0, 1, 2, 3, 4, 5, 6, 7, 8, 9]
QUALIFY_DONE event=put_the_cream_cheese_in_the_bowl__seed07__init34 parameter=shift_080mm ok=1
[info] using task orders [0, 1, 2, 3, 4, 5, 6, 7, 8, 9]
[info] using task orders [0, 1, 2, 3, 4, 5, 6, 7, 8, 9]
QUALIFY_DONE event=put_the_cream_cheese_in_the_bowl__seed07__init35 parameter=shift_040mm ok=1
[info] using task orders [0, 1, 2, 3, 4, 5, 6, 7, 8, 9]
QUALIFY_DONE event=put_the_cream_cheese_in_the_bowl__seed07__init35 parameter=shift_060mm ok=1
[info] using task orders [0, 1, 2, 3, 4, 5, 6, 7, 8, 9]
QUALIFY_DONE event=put_the_cream_cheese_in_the_bowl__seed07__init35 parameter=shift_080mm ok=1
[info] using task orders [0, 1, 2, 3, 4, 5, 6, 7, 8, 9]
[info] using task orders [0, 1, 2, 3, 4, 5, 6, 7, 8, 9]
QUALIFY_DONE event=put_the_cream_cheese_in_the_bowl__seed07__init36 parameter=shift_040mm ok=1
[info] using task orders [0, 1, 2, 3, 4, 5, 6, 7, 8, 9]
QUALIFY_DONE event=put_the_cream_cheese_in_the_bowl__seed07__init36 parameter=shift_060mm ok=1
[info] using task orders [0, 1, 2, 3, 4, 5, 6, 7, 8, 9]
QUALIFY_DONE event=put_the_cream_cheese_in_the_bowl__seed07__init36 parameter=shift_080mm ok=1
[info] using task orders [0, 1, 2, 3, 4, 5, 6, 7, 8, 9]
[info] using task orders [0, 1, 2, 3, 4, 5, 6, 7, 8, 9]
QUALIFY_DONE event=put_the_cream_cheese_in_the_bowl__seed07__init37 parameter=shift_040mm ok=1
[info] using task orders [0, 1, 2, 3, 4, 5, 6, 7, 8, 9]
QUALIFY_DONE event=put_the_cream_cheese_in_the_bowl__seed07__init37 parameter=shift_060mm ok=1
[info] using task orders [0, 1, 2, 3, 4, 5, 6, 7, 8, 9]
QUALIFY_DONE event=put_the_cream_cheese_in_the_bowl__seed07__init37 parameter=shift_080mm ok=1
[info] using task orders [0, 1, 2, 3, 4, 5, 6, 7, 8, 9]
[info] using task orders [0, 1, 2, 3, 4, 5, 6, 7, 8, 9]
QUALIFY_DONE event=put_the_cream_cheese_in_the_bowl__seed07__init38 parameter=shift_040mm ok=1
[info] using task orders [0, 1, 2, 3, 4, 5, 6, 7, 8, 9]
QUALIFY_DONE event=put_the_cream_cheese_in_the_bowl__seed07__init38 parameter=shift_060mm ok=1
[info] using task orders [0, 1, 2, 3, 4, 5, 6, 7, 8, 9]
QUALIFY_DONE event=put_the_cream_cheese_in_the_bowl__seed07__init38 parameter=shift_080mm ok=1
[info] using task orders [0, 1, 2, 3, 4, 5, 6, 7, 8, 9]
[info] using task orders [0, 1, 2, 3, 4, 5, 6, 7, 8, 9]
QUALIFY_DONE event=put_the_cream_cheese_in_the_bowl__seed07__init39 parameter=shift_040mm ok=1
[info] using task orders [0, 1, 2, 3, 4, 5, 6, 7, 8, 9]
QUALIFY_DONE event=put_the_cream_cheese_in_the_bowl__seed07__init39 parameter=shift_060mm ok=1
[info] using task orders [0, 1, 2, 3, 4, 5, 6, 7, 8, 9]
QUALIFY_DONE event=put_the_cream_cheese_in_the_bowl__seed07__init39 parameter=shift_080mm ok=1
/mnt/cpfs/zbl-cpfs-new/USERS/leon/envs/libero_sft/lib/python3.11/site-packages/torch/nn/modules/transformer.py:379: UserWarning: enable_nested_tensor is True, but self.use_nested_tensor is False because encoder_layer.norm_first was True
  warnings.warn(
[info] using task orders [0, 1, 2, 3, 4, 5, 6, 7, 8, 9]
[info] using task orders [0, 1, 2, 3, 4, 5, 6, 7, 8, 9]
QUALIFY_DONE event=put_the_cream_cheese_in_the_bowl__seed29__init30 parameter=shift_040mm ok=1
[info] using task orders [0, 1, 2, 3, 4, 5, 6, 7, 8, 9]
QUALIFY_DONE event=put_the_cream_cheese_in_the_bowl__seed29__init30 parameter=shift_060mm ok=1
[info] using task orders [0, 1, 2, 3, 4, 5, 6, 7, 8, 9]
QUALIFY_DONE event=put_the_cream_cheese_in_the_bowl__seed29__init30 parameter=shift_080mm ok=1
[info] using task orders [0, 1, 2, 3, 4, 5, 6, 7, 8, 9]
[info] using task orders [0, 1, 2, 3, 4, 5, 6, 7, 8, 9]
QUALIFY_DONE event=put_the_cream_cheese_in_the_bowl__seed29__init31 parameter=shift_040mm ok=1
[info] using task orders [0, 1, 2, 3, 4, 5, 6, 7, 8, 9]
QUALIFY_DONE event=put_the_cream_cheese_in_the_bowl__seed29__init31 parameter=shift_060mm ok=1
[info] using task orders [0, 1, 2, 3, 4, 5, 6, 7, 8, 9]
QUALIFY_DONE event=put_the_cream_cheese_in_the_bowl__seed29__init31 parameter=shift_080mm ok=1
[info] using task orders [0, 1, 2, 3, 4, 5, 6, 7, 8, 9]
[info] using task orders [0, 1, 2, 3, 4, 5, 6, 7, 8, 9]
QUALIFY_DONE event=put_the_cream_cheese_in_the_bowl__seed29__init32 parameter=shift_040mm ok=1
[info] using task orders [0, 1, 2, 3, 4, 5, 6, 7, 8, 9]
QUALIFY_DONE event=put_the_cream_cheese_in_the_bowl__seed29__init32 parameter=shift_060mm ok=1
[info] using task orders [0, 1, 2, 3, 4, 5, 6, 7, 8, 9]
QUALIFY_DONE event=put_the_cream_cheese_in_the_bowl__seed29__init32 parameter=shift_080mm ok=1
[info] using task orders [0, 1, 2, 3, 4, 5, 6, 7, 8, 9]
[info] using task orders [0, 1, 2, 3, 4, 5, 6, 7, 8, 9]
QUALIFY_DONE event=put_the_cream_cheese_in_the_bowl__seed29__init33 parameter=shift_040mm ok=1
[info] using task orders [0, 1, 2, 3, 4, 5, 6, 7, 8, 9]
QUALIFY_DONE event=put_the_cream_cheese_in_the_bowl__seed29__init33 parameter=shift_060mm ok=1
[info] using task orders [0, 1, 2, 3, 4, 5, 6, 7, 8, 9]
QUALIFY_DONE event=put_the_cream_cheese_in_the_bowl__seed29__init33 parameter=shift_080mm ok=1
[info] using task orders [0, 1, 2, 3, 4, 5, 6, 7, 8, 9]
[info] using task orders [0, 1, 2, 3, 4, 5, 6, 7, 8, 9]
QUALIFY_DONE event=put_the_cream_cheese_in_the_bowl__seed29__init34 parameter=shift_040mm ok=1
[info] using task orders [0, 1, 2, 3, 4, 5, 6, 7, 8, 9]
QUALIFY_DONE event=put_the_cream_cheese_in_the_bowl__seed29__init34 parameter=shift_060mm ok=1
[info] using task orders [0, 1, 2, 3, 4, 5, 6, 7, 8, 9]
QUALIFY_DONE event=put_the_cream_cheese_in_the_bowl__seed29__init34 parameter=shift_080mm ok=1
[info] using task orders [0, 1, 2, 3, 4, 5, 6, 7, 8, 9]
[info] using task orders [0, 1, 2, 3, 4, 5, 6, 7, 8, 9]
QUALIFY_DONE event=put_the_cream_cheese_in_the_bowl__seed29__init35 parameter=shift_040mm ok=1
[info] using task orders [0, 1, 2, 3, 4, 5, 6, 7, 8, 9]
QUALIFY_DONE event=put_the_cream_cheese_in_the_bowl__seed29__init35 parameter=shift_060mm ok=1
[info] using task orders [0, 1, 2, 3, 4, 5, 6, 7, 8, 9]
QUALIFY_DONE event=put_the_cream_cheese_in_the_bowl__seed29__init35 parameter=shift_080mm ok=1
[info] using task orders [0, 1, 2, 3, 4, 5, 6, 7, 8, 9]
[info] using task orders [0, 1, 2, 3, 4, 5, 6, 7, 8, 9]
QUALIFY_DONE event=put_the_cream_cheese_in_the_bowl__seed29__init36 parameter=shift_040mm ok=1
[info] using task orders [0, 1, 2, 3, 4, 5, 6, 7, 8, 9]
QUALIFY_DONE event=put_the_cream_cheese_in_the_bowl__seed29__init36 parameter=shift_060mm ok=1
[info] using task orders [0, 1, 2, 3, 4, 5, 6, 7, 8, 9]
QUALIFY_DONE event=put_the_cream_cheese_in_the_bowl__seed29__init36 parameter=shift_080mm ok=1
[info] using task orders [0, 1, 2, 3, 4, 5, 6, 7, 8, 9]
[info] using task orders [0, 1, 2, 3, 4, 5, 6, 7, 8, 9]
QUALIFY_DONE event=put_the_cream_cheese_in_the_bowl__seed29__init37 parameter=shift_040mm ok=1
[info] using task orders [0, 1, 2, 3, 4, 5, 6, 7, 8, 9]
QUALIFY_DONE event=put_the_cream_cheese_in_the_bowl__seed29__init37 parameter=shift_060mm ok=1
[info] using task orders [0, 1, 2, 3, 4, 5, 6, 7, 8, 9]
QUALIFY_DONE event=put_the_cream_cheese_in_the_bowl__seed29__init37 parameter=shift_080mm ok=1
[info] using task orders [0, 1, 2, 3, 4, 5, 6, 7, 8, 9]
[info] using task orders [0, 1, 2, 3, 4, 5, 6, 7, 8, 9]
QUALIFY_DONE event=put_the_cream_cheese_in_the_bowl__seed29__init38 parameter=shift_040mm ok=1
[info] using task orders [0, 1, 2, 3, 4, 5, 6, 7, 8, 9]
QUALIFY_DONE event=put_the_cream_cheese_in_the_bowl__seed29__init38 parameter=shift_060mm ok=1
[info] using task orders [0, 1, 2, 3, 4, 5, 6, 7, 8, 9]
QUALIFY_DONE event=put_the_cream_cheese_in_the_bowl__seed29__init38 parameter=shift_080mm ok=1
[info] using task orders [0, 1, 2, 3, 4, 5, 6, 7, 8, 9]
[info] using task orders [0, 1, 2, 3, 4, 5, 6, 7, 8, 9]
QUALIFY_DONE event=put_the_cream_cheese_in_the_bowl__seed29__init39 parameter=shift_040mm ok=1
[info] using task orders [0, 1, 2, 3, 4, 5, 6, 7, 8, 9]
QUALIFY_DONE event=put_the_cream_cheese_in_the_bowl__seed29__init39 parameter=shift_060mm ok=1
[info] using task orders [0, 1, 2, 3, 4, 5, 6, 7, 8, 9]
QUALIFY_DONE event=put_the_cream_cheese_in_the_bowl__seed29__init39 parameter=shift_080mm ok=1
/mnt/cpfs/zbl-cpfs-new/USERS/leon/envs/libero_sft/lib/python3.11/site-packages/torch/nn/modules/transformer.py:379: UserWarning: enable_nested_tensor is True, but self.use_nested_tensor is False because encoder_layer.norm_first was True
  warnings.warn(
[info] using task orders [0, 1, 2, 3, 4, 5, 6, 7, 8, 9]
[info] using task orders [0, 1, 2, 3, 4, 5, 6, 7, 8, 9]
QUALIFY_DONE event=put_the_bowl_on_the_stove__seed17__init30 parameter=future_06_lateral_000mm ok=1
[info] using task orders [0, 1, 2, 3, 4, 5, 6, 7, 8, 9]
QUALIFY_DONE event=put_the_bowl_on_the_stove__seed17__init30 parameter=future_06_lateral_020mm ok=1
[info] using task orders [0, 1, 2, 3, 4, 5, 6, 7, 8, 9]
QUALIFY_DONE event=put_the_bowl_on_the_stove__seed17__init30 parameter=future_06_lateral_040mm ok=1
[info] using task orders [0, 1, 2, 3, 4, 5, 6, 7, 8, 9]
QUALIFY_DONE event=put_the_bowl_on_the_stove__seed17__init30 parameter=future_10_lateral_000mm ok=1
[info] using task orders [0, 1, 2, 3, 4, 5, 6, 7, 8, 9]
QUALIFY_DONE event=put_the_bowl_on_the_stove__seed17__init30 parameter=future_10_lateral_020mm ok=1
[info] using task orders [0, 1, 2, 3, 4, 5, 6, 7, 8, 9]
QUALIFY_DONE event=put_the_bowl_on_the_stove__seed17__init30 parameter=future_10_lateral_040mm ok=1
[info] using task orders [0, 1, 2, 3, 4, 5, 6, 7, 8, 9]
QUALIFY_DONE event=put_the_bowl_on_the_stove__seed17__init30 parameter=future_14_lateral_000mm ok=1
[info] using task orders [0, 1, 2, 3, 4, 5, 6, 7, 8, 9]
QUALIFY_DONE event=put_the_bowl_on_the_stove__seed17__init30 parameter=future_14_lateral_020mm ok=1
[info] using task orders [0, 1, 2, 3, 4, 5, 6, 7, 8, 9]
QUALIFY_DONE event=put_the_bowl_on_the_stove__seed17__init30 parameter=future_14_lateral_040mm ok=1
[info] using task orders [0, 1, 2, 3, 4, 5, 6, 7, 8, 9]
[info] using task orders [0, 1, 2, 3, 4, 5, 6, 7, 8, 9]
QUALIFY_DONE event=put_the_bowl_on_the_stove__seed17__init31 parameter=future_06_lateral_000mm ok=1
[info] using task orders [0, 1, 2, 3, 4, 5, 6, 7, 8, 9]
QUALIFY_DONE event=put_the_bowl_on_the_stove__seed17__init31 parameter=future_06_lateral_020mm ok=1
[info] using task orders [0, 1, 2, 3, 4, 5, 6, 7, 8, 9]
QUALIFY_DONE event=put_the_bowl_on_the_stove__seed17__init31 parameter=future_06_lateral_040mm ok=1
[info] using task orders [0, 1, 2, 3, 4, 5, 6, 7, 8, 9]
QUALIFY_DONE event=put_the_bowl_on_the_stove__seed17__init31 parameter=future_10_lateral_000mm ok=1
[info] using task orders [0, 1, 2, 3, 4, 5, 6, 7, 8, 9]
QUALIFY_DONE event=put_the_bowl_on_the_stove__seed17__init31 parameter=future_10_lateral_020mm ok=1
[info] using task orders [0, 1, 2, 3, 4, 5, 6, 7, 8, 9]
QUALIFY_DONE event=put_the_bowl_on_the_stove__seed17__init31 parameter=future_10_lateral_040mm ok=1
[info] using task orders [0, 1, 2, 3, 4, 5, 6, 7, 8, 9]
QUALIFY_DONE event=put_the_bowl_on_the_stove__seed17__init31 parameter=future_14_lateral_000mm ok=1
[info] using task orders [0, 1, 2, 3, 4, 5, 6, 7, 8, 9]
QUALIFY_DONE event=put_the_bowl_on_the_stove__seed17__init31 parameter=future_14_lateral_020mm ok=1
[info] using task orders [0, 1, 2, 3, 4, 5, 6, 7, 8, 9]
QUALIFY_DONE event=put_the_bowl_on_the_stove__seed17__init31 parameter=future_14_lateral_040mm ok=1
[info] using task orders [0, 1, 2, 3, 4, 5, 6, 7, 8, 9]
[info] using task orders [0, 1, 2, 3, 4, 5, 6, 7, 8, 9]
QUALIFY_DONE event=put_the_bowl_on_the_stove__seed17__init32 parameter=future_06_lateral_000mm ok=1
[info] using task orders [0, 1, 2, 3, 4, 5, 6, 7, 8, 9]
QUALIFY_DONE event=put_the_bowl_on_the_stove__seed17__init32 parameter=future_06_lateral_020mm ok=1
[info] using task orders [0, 1, 2, 3, 4, 5, 6, 7, 8, 9]
QUALIFY_DONE event=put_the_bowl_on_the_stove__seed17__init32 parameter=future_06_lateral_040mm ok=1
[info] using task orders [0, 1, 2, 3, 4, 5, 6, 7, 8, 9]
QUALIFY_DONE event=put_the_bowl_on_the_stove__seed17__init32 parameter=future_10_lateral_000mm ok=1
[info] using task orders [0, 1, 2, 3, 4, 5, 6, 7, 8, 9]
QUALIFY_DONE event=put_the_bowl_on_the_stove__seed17__init32 parameter=future_10_lateral_020mm ok=1
[info] using task orders [0, 1, 2, 3, 4, 5, 6, 7, 8, 9]
QUALIFY_DONE event=put_the_bowl_on_the_stove__seed17__init32 parameter=future_10_lateral_040mm ok=1
[info] using task orders [0, 1, 2, 3, 4, 5, 6, 7, 8, 9]
QUALIFY_DONE event=put_the_bowl_on_the_stove__seed17__init32 parameter=future_14_lateral_000mm ok=1
[info] using task orders [0, 1, 2, 3, 4, 5, 6, 7, 8, 9]
QUALIFY_DONE event=put_the_bowl_on_the_stove__seed17__init32 parameter=future_14_lateral_020mm ok=1
[info] using task orders [0, 1, 2, 3, 4, 5, 6, 7, 8, 9]
QUALIFY_DONE event=put_the_bowl_on_the_stove__seed17__init32 parameter=future_14_lateral_040mm ok=1
[info] using task orders [0, 1, 2, 3, 4, 5, 6, 7, 8, 9]
[info] using task orders [0, 1, 2, 3, 4, 5, 6, 7, 8, 9]
QUALIFY_DONE event=put_the_bowl_on_the_stove__seed17__init33 parameter=future_06_lateral_000mm ok=1
[info] using task orders [0, 1, 2, 3, 4, 5, 6, 7, 8, 9]
QUALIFY_DONE event=put_the_bowl_on_the_stove__seed17__init33 parameter=future_06_lateral_020mm ok=1
[info] using task orders [0, 1, 2, 3, 4, 5, 6, 7, 8, 9]
QUALIFY_DONE event=put_the_bowl_on_the_stove__seed17__init33 parameter=future_06_lateral_040mm ok=1
[info] using task orders [0, 1, 2, 3, 4, 5, 6, 7, 8, 9]
QUALIFY_DONE event=put_the_bowl_on_the_stove__seed17__init33 parameter=future_10_lateral_000mm ok=1
[info] using task orders [0, 1, 2, 3, 4, 5, 6, 7, 8, 9]
QUALIFY_DONE event=put_the_bowl_on_the_stove__seed17__init33 parameter=future_10_lateral_020mm ok=1
[info] using task orders [0, 1, 2, 3, 4, 5, 6, 7, 8, 9]
QUALIFY_DONE event=put_the_bowl_on_the_stove__seed17__init33 parameter=future_10_lateral_040mm ok=1
[info] using task orders [0, 1, 2, 3, 4, 5, 6, 7, 8, 9]
QUALIFY_DONE event=put_the_bowl_on_the_stove__seed17__init33 parameter=future_14_lateral_000mm ok=1
[info] using task orders [0, 1, 2, 3, 4, 5, 6, 7, 8, 9]
QUALIFY_DONE event=put_the_bowl_on_the_stove__seed17__init33 parameter=future_14_lateral_020mm ok=1
[info] using task orders [0, 1, 2, 3, 4, 5, 6, 7, 8, 9]
QUALIFY_DONE event=put_the_bowl_on_the_stove__seed17__init33 parameter=future_14_lateral_040mm ok=1
[info] using task orders [0, 1, 2, 3, 4, 5, 6, 7, 8, 9]
[info] using task orders [0, 1, 2, 3, 4, 5, 6, 7, 8, 9]
QUALIFY_DONE event=put_the_bowl_on_the_stove__seed17__init34 parameter=future_06_lateral_000mm ok=1
[info] using task orders [0, 1, 2, 3, 4, 5, 6, 7, 8, 9]
QUALIFY_DONE event=put_the_bowl_on_the_stove__seed17__init34 parameter=future_06_lateral_020mm ok=1
[info] using task orders [0, 1, 2, 3, 4, 5, 6, 7, 8, 9]
QUALIFY_DONE event=put_the_bowl_on_the_stove__seed17__init34 parameter=future_06_lateral_040mm ok=1
[info] using task orders [0, 1, 2, 3, 4, 5, 6, 7, 8, 9]
QUALIFY_DONE event=put_the_bowl_on_the_stove__seed17__init34 parameter=future_10_lateral_000mm ok=1
[info] using task orders [0, 1, 2, 3, 4, 5, 6, 7, 8, 9]
QUALIFY_DONE event=put_the_bowl_on_the_stove__seed17__init34 parameter=future_10_lateral_020mm ok=1
[info] using task orders [0, 1, 2, 3, 4, 5, 6, 7, 8, 9]
QUALIFY_DONE event=put_the_bowl_on_the_stove__seed17__init34 parameter=future_10_lateral_040mm ok=1
[info] using task orders [0, 1, 2, 3, 4, 5, 6, 7, 8, 9]
QUALIFY_DONE event=put_the_bowl_on_the_stove__seed17__init34 parameter=future_14_lateral_000mm ok=1
[info] using task orders [0, 1, 2, 3, 4, 5, 6, 7, 8, 9]
QUALIFY_DONE event=put_the_bowl_on_the_stove__seed17__init34 parameter=future_14_lateral_020mm ok=1
[info] using task orders [0, 1, 2, 3, 4, 5, 6, 7, 8, 9]
QUALIFY_DONE event=put_the_bowl_on_the_stove__seed17__init34 parameter=future_14_lateral_040mm ok=1
[info] using task orders [0, 1, 2, 3, 4, 5, 6, 7, 8, 9]
[info] using task orders [0, 1, 2, 3, 4, 5, 6, 7, 8, 9]
QUALIFY_DONE event=put_the_bowl_on_the_stove__seed17__init35 parameter=future_06_lateral_000mm ok=1
[info] using task orders [0, 1, 2, 3, 4, 5, 6, 7, 8, 9]
QUALIFY_DONE event=put_the_bowl_on_the_stove__seed17__init35 parameter=future_06_lateral_020mm ok=1
[info] using task orders [0, 1, 2, 3, 4, 5, 6, 7, 8, 9]
QUALIFY_DONE event=put_the_bowl_on_the_stove__seed17__init35 parameter=future_06_lateral_040mm ok=1
[info] using task orders [0, 1, 2, 3, 4, 5, 6, 7, 8, 9]
QUALIFY_DONE event=put_the_bowl_on_the_stove__seed17__init35 parameter=future_10_lateral_000mm ok=1
[info] using task orders [0, 1, 2, 3, 4, 5, 6, 7, 8, 9]
QUALIFY_DONE event=put_the_bowl_on_the_stove__seed17__init35 parameter=future_10_lateral_020mm ok=1
[info] using task orders [0, 1, 2, 3, 4, 5, 6, 7, 8, 9]
QUALIFY_DONE event=put_the_bowl_on_the_stove__seed17__init35 parameter=future_10_lateral_040mm ok=1
[info] using task orders [0, 1, 2, 3, 4, 5, 6, 7, 8, 9]
QUALIFY_DONE event=put_the_bowl_on_the_stove__seed17__init35 parameter=future_14_lateral_000mm ok=1
[info] using task orders [0, 1, 2, 3, 4, 5, 6, 7, 8, 9]
QUALIFY_DONE event=put_the_bowl_on_the_stove__seed17__init35 parameter=future_14_lateral_020mm ok=1
[info] using task orders [0, 1, 2, 3, 4, 5, 6, 7, 8, 9]
QUALIFY_DONE event=put_the_bowl_on_the_stove__seed17__init35 parameter=future_14_lateral_040mm ok=1
[info] using task orders [0, 1, 2, 3, 4, 5, 6, 7, 8, 9]
[info] using task orders [0, 1, 2, 3, 4, 5, 6, 7, 8, 9]
QUALIFY_DONE event=put_the_bowl_on_the_stove__seed17__init36 parameter=future_06_lateral_000mm ok=1
[info] using task orders [0, 1, 2, 3, 4, 5, 6, 7, 8, 9]
QUALIFY_DONE event=put_the_bowl_on_the_stove__seed17__init36 parameter=future_06_lateral_020mm ok=1
[info] using task orders [0, 1, 2, 3, 4, 5, 6, 7, 8, 9]
QUALIFY_DONE event=put_the_bowl_on_the_stove__seed17__init36 parameter=future_06_lateral_040mm ok=1
[info] using task orders [0, 1, 2, 3, 4, 5, 6, 7, 8, 9]
QUALIFY_DONE event=put_the_bowl_on_the_stove__seed17__init36 parameter=future_10_lateral_000mm ok=1
[info] using task orders [0, 1, 2, 3, 4, 5, 6, 7, 8, 9]
QUALIFY_DONE event=put_the_bowl_on_the_stove__seed17__init36 parameter=future_10_lateral_020mm ok=1
[info] using task orders [0, 1, 2, 3, 4, 5, 6, 7, 8, 9]
QUALIFY_DONE event=put_the_bowl_on_the_stove__seed17__init36 parameter=future_10_lateral_040mm ok=1
[info] using task orders [0, 1, 2, 3, 4, 5, 6, 7, 8, 9]
QUALIFY_DONE event=put_the_bowl_on_the_stove__seed17__init36 parameter=future_14_lateral_000mm ok=1
[info] using task orders [0, 1, 2, 3, 4, 5, 6, 7, 8, 9]
QUALIFY_DONE event=put_the_bowl_on_the_stove__seed17__init36 parameter=future_14_lateral_020mm ok=1
[info] using task orders [0, 1, 2, 3, 4, 5, 6, 7, 8, 9]
QUALIFY_DONE event=put_the_bowl_on_the_stove__seed17__init36 parameter=future_14_lateral_040mm ok=1
[info] using task orders [0, 1, 2, 3, 4, 5, 6, 7, 8, 9]
[info] using task orders [0, 1, 2, 3, 4, 5, 6, 7, 8, 9]
QUALIFY_DONE event=put_the_bowl_on_the_stove__seed17__init37 parameter=future_06_lateral_000mm ok=1
[info] using task orders [0, 1, 2, 3, 4, 5, 6, 7, 8, 9]
QUALIFY_DONE event=put_the_bowl_on_the_stove__seed17__init37 parameter=future_06_lateral_020mm ok=1
[info] using task orders [0, 1, 2, 3, 4, 5, 6, 7, 8, 9]
QUALIFY_DONE event=put_the_bowl_on_the_stove__seed17__init37 parameter=future_06_lateral_040mm ok=1
[info] using task orders [0, 1, 2, 3, 4, 5, 6, 7, 8, 9]
QUALIFY_DONE event=put_the_bowl_on_the_stove__seed17__init37 parameter=future_10_lateral_000mm ok=1
[info] using task orders [0, 1, 2, 3, 4, 5, 6, 7, 8, 9]
QUALIFY_DONE event=put_the_bowl_on_the_stove__seed17__init37 parameter=future_10_lateral_020mm ok=1
[info] using task orders [0, 1, 2, 3, 4, 5, 6, 7, 8, 9]
QUALIFY_DONE event=put_the_bowl_on_the_stove__seed17__init37 parameter=future_10_lateral_040mm ok=1
[info] using task orders [0, 1, 2, 3, 4, 5, 6, 7, 8, 9]
QUALIFY_DONE event=put_the_bowl_on_the_stove__seed17__init37 parameter=future_14_lateral_000mm ok=1
[info] using task orders [0, 1, 2, 3, 4, 5, 6, 7, 8, 9]
QUALIFY_DONE event=put_the_bowl_on_the_stove__seed17__init37 parameter=future_14_lateral_020mm ok=1
[info] using task orders [0, 1, 2, 3, 4, 5, 6, 7, 8, 9]
QUALIFY_DONE event=put_the_bowl_on_the_stove__seed17__init37 parameter=future_14_lateral_040mm ok=1
[info] using task orders [0, 1, 2, 3, 4, 5, 6, 7, 8, 9]
[info] using task orders [0, 1, 2, 3, 4, 5, 6, 7, 8, 9]
QUALIFY_DONE event=put_the_bowl_on_the_stove__seed17__init38 parameter=future_06_lateral_000mm ok=1
[info] using task orders [0, 1, 2, 3, 4, 5, 6, 7, 8, 9]
QUALIFY_DONE event=put_the_bowl_on_the_stove__seed17__init38 parameter=future_06_lateral_020mm ok=1
[info] using task orders [0, 1, 2, 3, 4, 5, 6, 7, 8, 9]
QUALIFY_DONE event=put_the_bowl_on_the_stove__seed17__init38 parameter=future_06_lateral_040mm ok=1
[info] using task orders [0, 1, 2, 3, 4, 5, 6, 7, 8, 9]
QUALIFY_DONE event=put_the_bowl_on_the_stove__seed17__init38 parameter=future_10_lateral_000mm ok=1
[info] using task orders [0, 1, 2, 3, 4, 5, 6, 7, 8, 9]
QUALIFY_DONE event=put_the_bowl_on_the_stove__seed17__init38 parameter=future_10_lateral_020mm ok=1
[info] using task orders [0, 1, 2, 3, 4, 5, 6, 7, 8, 9]
QUALIFY_DONE event=put_the_bowl_on_the_stove__seed17__init38 parameter=future_10_lateral_040mm ok=1
[info] using task orders [0, 1, 2, 3, 4, 5, 6, 7, 8, 9]
QUALIFY_DONE event=put_the_bowl_on_the_stove__seed17__init38 parameter=future_14_lateral_000mm ok=1
[info] using task orders [0, 1, 2, 3, 4, 5, 6, 7, 8, 9]
QUALIFY_DONE event=put_the_bowl_on_the_stove__seed17__init38 parameter=future_14_lateral_020mm ok=1
[info] using task orders [0, 1, 2, 3, 4, 5, 6, 7, 8, 9]
QUALIFY_DONE event=put_the_bowl_on_the_stove__seed17__init38 parameter=future_14_lateral_040mm ok=1
[info] using task orders [0, 1, 2, 3, 4, 5, 6, 7, 8, 9]
[info] using task orders [0, 1, 2, 3, 4, 5, 6, 7, 8, 9]
QUALIFY_DONE event=put_the_bowl_on_the_stove__seed17__init39 parameter=future_06_lateral_000mm ok=1
[info] using task orders [0, 1, 2, 3, 4, 5, 6, 7, 8, 9]
QUALIFY_DONE event=put_the_bowl_on_the_stove__seed17__init39 parameter=future_06_lateral_020mm ok=1
[info] using task orders [0, 1, 2, 3, 4, 5, 6, 7, 8, 9]
QUALIFY_DONE event=put_the_bowl_on_the_stove__seed17__init39 parameter=future_06_lateral_040mm ok=1
[info] using task orders [0, 1, 2, 3, 4, 5, 6, 7, 8, 9]
QUALIFY_DONE event=put_the_bowl_on_the_stove__seed17__init39 parameter=future_10_lateral_000mm ok=1
[info] using task orders [0, 1, 2, 3, 4, 5, 6, 7, 8, 9]
QUALIFY_DONE event=put_the_bowl_on_the_stove__seed17__init39 parameter=future_10_lateral_020mm ok=1
[info] using task orders [0, 1, 2, 3, 4, 5, 6, 7, 8, 9]
QUALIFY_DONE event=put_the_bowl_on_the_stove__seed17__init39 parameter=future_10_lateral_040mm ok=1
[info] using task orders [0, 1, 2, 3, 4, 5, 6, 7, 8, 9]
QUALIFY_DONE event=put_the_bowl_on_the_stove__seed17__init39 parameter=future_14_lateral_000mm ok=1
[info] using task orders [0, 1, 2, 3, 4, 5, 6, 7, 8, 9]
QUALIFY_DONE event=put_the_bowl_on_the_stove__seed17__init39 parameter=future_14_lateral_020mm ok=1
[info] using task orders [0, 1, 2, 3, 4, 5, 6, 7, 8, 9]
QUALIFY_DONE event=put_the_bowl_on_the_stove__seed17__init39 parameter=future_14_lateral_040mm ok=1
/mnt/cpfs/zbl-cpfs-new/USERS/leon/envs/libero_sft/lib/python3.11/site-packages/torch/nn/modules/transformer.py:379: UserWarning: enable_nested_tensor is True, but self.use_nested_tensor is False because encoder_layer.norm_first was True
  warnings.warn(
[info] using task orders [0, 1, 2, 3, 4, 5, 6, 7, 8, 9]
[info] using task orders [0, 1, 2, 3, 4, 5, 6, 7, 8, 9]
QUALIFY_DONE event=push_the_plate_to_the_front_of_the_stove__seed07__init30 parameter=future_06_lateral_000mm ok=1
[info] using task orders [0, 1, 2, 3, 4, 5, 6, 7, 8, 9]
QUALIFY_DONE event=push_the_plate_to_the_front_of_the_stove__seed07__init30 parameter=future_06_lateral_020mm ok=1
[info] using task orders [0, 1, 2, 3, 4, 5, 6, 7, 8, 9]
QUALIFY_DONE event=push_the_plate_to_the_front_of_the_stove__seed07__init30 parameter=future_06_lateral_040mm ok=1
[info] using task orders [0, 1, 2, 3, 4, 5, 6, 7, 8, 9]
QUALIFY_DONE event=push_the_plate_to_the_front_of_the_stove__seed07__init30 parameter=future_10_lateral_000mm ok=1
[info] using task orders [0, 1, 2, 3, 4, 5, 6, 7, 8, 9]
QUALIFY_DONE event=push_the_plate_to_the_front_of_the_stove__seed07__init30 parameter=future_10_lateral_020mm ok=1
[info] using task orders [0, 1, 2, 3, 4, 5, 6, 7, 8, 9]
QUALIFY_DONE event=push_the_plate_to_the_front_of_the_stove__seed07__init30 parameter=future_10_lateral_040mm ok=1
[info] using task orders [0, 1, 2, 3, 4, 5, 6, 7, 8, 9]
QUALIFY_DONE event=push_the_plate_to_the_front_of_the_stove__seed07__init30 parameter=future_14_lateral_000mm ok=1
[info] using task orders [0, 1, 2, 3, 4, 5, 6, 7, 8, 9]
QUALIFY_DONE event=push_the_plate_to_the_front_of_the_stove__seed07__init30 parameter=future_14_lateral_020mm ok=1
[info] using task orders [0, 1, 2, 3, 4, 5, 6, 7, 8, 9]
QUALIFY_DONE event=push_the_plate_to_the_front_of_the_stove__seed07__init30 parameter=future_14_lateral_040mm ok=1
[info] using task orders [0, 1, 2, 3, 4, 5, 6, 7, 8, 9]
[info] using task orders [0, 1, 2, 3, 4, 5, 6, 7, 8, 9]
QUALIFY_DONE event=push_the_plate_to_the_front_of_the_stove__seed07__init31 parameter=future_06_lateral_000mm ok=1
[info] using task orders [0, 1, 2, 3, 4, 5, 6, 7, 8, 9]
QUALIFY_DONE event=push_the_plate_to_the_front_of_the_stove__seed07__init31 parameter=future_06_lateral_020mm ok=1
[info] using task orders [0, 1, 2, 3, 4, 5, 6, 7, 8, 9]
QUALIFY_DONE event=push_the_plate_to_the_front_of_the_stove__seed07__init31 parameter=future_06_lateral_040mm ok=1
[info] using task orders [0, 1, 2, 3, 4, 5, 6, 7, 8, 9]
QUALIFY_DONE event=push_the_plate_to_the_front_of_the_stove__seed07__init31 parameter=future_10_lateral_000mm ok=1
[info] using task orders [0, 1, 2, 3, 4, 5, 6, 7, 8, 9]
QUALIFY_DONE event=push_the_plate_to_the_front_of_the_stove__seed07__init31 parameter=future_10_lateral_020mm ok=1
[info] using task orders [0, 1, 2, 3, 4, 5, 6, 7, 8, 9]
QUALIFY_DONE event=push_the_plate_to_the_front_of_the_stove__seed07__init31 parameter=future_10_lateral_040mm ok=1
[info] using task orders [0, 1, 2, 3, 4, 5, 6, 7, 8, 9]
QUALIFY_DONE event=push_the_plate_to_the_front_of_the_stove__seed07__init31 parameter=future_14_lateral_000mm ok=1
[info] using task orders [0, 1, 2, 3, 4, 5, 6, 7, 8, 9]
QUALIFY_DONE event=push_the_plate_to_the_front_of_the_stove__seed07__init31 parameter=future_14_lateral_020mm ok=1
[info] using task orders [0, 1, 2, 3, 4, 5, 6, 7, 8, 9]
QUALIFY_DONE event=push_the_plate_to_the_front_of_the_stove__seed07__init31 parameter=future_14_lateral_040mm ok=1
[info] using task orders [0, 1, 2, 3, 4, 5, 6, 7, 8, 9]
[info] using task orders [0, 1, 2, 3, 4, 5, 6, 7, 8, 9]
QUALIFY_DONE event=push_the_plate_to_the_front_of_the_stove__seed07__init32 parameter=future_06_lateral_000mm ok=1
[info] using task orders [0, 1, 2, 3, 4, 5, 6, 7, 8, 9]
QUALIFY_DONE event=push_the_plate_to_the_front_of_the_stove__seed07__init32 parameter=future_06_lateral_020mm ok=1
[info] using task orders [0, 1, 2, 3, 4, 5, 6, 7, 8, 9]
QUALIFY_DONE event=push_the_plate_to_the_front_of_the_stove__seed07__init32 parameter=future_06_lateral_040mm ok=1
[info] using task orders [0, 1, 2, 3, 4, 5, 6, 7, 8, 9]
QUALIFY_DONE event=push_the_plate_to_the_front_of_the_stove__seed07__init32 parameter=future_10_lateral_000mm ok=1
[info] using task orders [0, 1, 2, 3, 4, 5, 6, 7, 8, 9]
QUALIFY_DONE event=push_the_plate_to_the_front_of_the_stove__seed07__init32 parameter=future_10_lateral_020mm ok=1
[info] using task orders [0, 1, 2, 3, 4, 5, 6, 7, 8, 9]
QUALIFY_DONE event=push_the_plate_to_the_front_of_the_stove__seed07__init32 parameter=future_10_lateral_040mm ok=1
[info] using task orders [0, 1, 2, 3, 4, 5, 6, 7, 8, 9]
QUALIFY_DONE event=push_the_plate_to_the_front_of_the_stove__seed07__init32 parameter=future_14_lateral_000mm ok=1
[info] using task orders [0, 1, 2, 3, 4, 5, 6, 7, 8, 9]
QUALIFY_DONE event=push_the_plate_to_the_front_of_the_stove__seed07__init32 parameter=future_14_lateral_020mm ok=1
[info] using task orders [0, 1, 2, 3, 4, 5, 6, 7, 8, 9]
QUALIFY_DONE event=push_the_plate_to_the_front_of_the_stove__seed07__init32 parameter=future_14_lateral_040mm ok=1
[info] using task orders [0, 1, 2, 3, 4, 5, 6, 7, 8, 9]
[info] using task orders [0, 1, 2, 3, 4, 5, 6, 7, 8, 9]
QUALIFY_DONE event=push_the_plate_to_the_front_of_the_stove__seed07__init33 parameter=future_06_lateral_000mm ok=1
[info] using task orders [0, 1, 2, 3, 4, 5, 6, 7, 8, 9]
QUALIFY_DONE event=push_the_plate_to_the_front_of_the_stove__seed07__init33 parameter=future_06_lateral_020mm ok=1
[info] using task orders [0, 1, 2, 3, 4, 5, 6, 7, 8, 9]
QUALIFY_DONE event=push_the_plate_to_the_front_of_the_stove__seed07__init33 parameter=future_06_lateral_040mm ok=1
[info] using task orders [0, 1, 2, 3, 4, 5, 6, 7, 8, 9]
QUALIFY_DONE event=push_the_plate_to_the_front_of_the_stove__seed07__init33 parameter=future_10_lateral_000mm ok=1
[info] using task orders [0, 1, 2, 3, 4, 5, 6, 7, 8, 9]
QUALIFY_DONE event=push_the_plate_to_the_front_of_the_stove__seed07__init33 parameter=future_10_lateral_020mm ok=1
[info] using task orders [0, 1, 2, 3, 4, 5, 6, 7, 8, 9]
QUALIFY_DONE event=push_the_plate_to_the_front_of_the_stove__seed07__init33 parameter=future_10_lateral_040mm ok=1
[info] using task orders [0, 1, 2, 3, 4, 5, 6, 7, 8, 9]
QUALIFY_DONE event=push_the_plate_to_the_front_of_the_stove__seed07__init33 parameter=future_14_lateral_000mm ok=1
[info] using task orders [0, 1, 2, 3, 4, 5, 6, 7, 8, 9]
QUALIFY_DONE event=push_the_plate_to_the_front_of_the_stove__seed07__init33 parameter=future_14_lateral_020mm ok=1
[info] using task orders [0, 1, 2, 3, 4, 5, 6, 7, 8, 9]
QUALIFY_DONE event=push_the_plate_to_the_front_of_the_stove__seed07__init33 parameter=future_14_lateral_040mm ok=1
[info] using task orders [0, 1, 2, 3, 4, 5, 6, 7, 8, 9]
[info] using task orders [0, 1, 2, 3, 4, 5, 6, 7, 8, 9]
QUALIFY_DONE event=push_the_plate_to_the_front_of_the_stove__seed07__init34 parameter=future_06_lateral_000mm ok=1
[info] using task orders [0, 1, 2, 3, 4, 5, 6, 7, 8, 9]
QUALIFY_DONE event=push_the_plate_to_the_front_of_the_stove__seed07__init34 parameter=future_06_lateral_020mm ok=1
[info] using task orders [0, 1, 2, 3, 4, 5, 6, 7, 8, 9]
QUALIFY_DONE event=push_the_plate_to_the_front_of_the_stove__seed07__init34 parameter=future_06_lateral_040mm ok=1
[info] using task orders [0, 1, 2, 3, 4, 5, 6, 7, 8, 9]
QUALIFY_DONE event=push_the_plate_to_the_front_of_the_stove__seed07__init34 parameter=future_10_lateral_000mm ok=1
[info] using task orders [0, 1, 2, 3, 4, 5, 6, 7, 8, 9]
QUALIFY_DONE event=push_the_plate_to_the_front_of_the_stove__seed07__init34 parameter=future_10_lateral_020mm ok=1
[info] using task orders [0, 1, 2, 3, 4, 5, 6, 7, 8, 9]
QUALIFY_DONE event=push_the_plate_to_the_front_of_the_stove__seed07__init34 parameter=future_10_lateral_040mm ok=1
[info] using task orders [0, 1, 2, 3, 4, 5, 6, 7, 8, 9]
QUALIFY_DONE event=push_the_plate_to_the_front_of_the_stove__seed07__init34 parameter=future_14_lateral_000mm ok=1
[info] using task orders [0, 1, 2, 3, 4, 5, 6, 7, 8, 9]
QUALIFY_DONE event=push_the_plate_to_the_front_of_the_stove__seed07__init34 parameter=future_14_lateral_020mm ok=1
[info] using task orders [0, 1, 2, 3, 4, 5, 6, 7, 8, 9]
QUALIFY_DONE event=push_the_plate_to_the_front_of_the_stove__seed07__init34 parameter=future_14_lateral_040mm ok=1
[info] using task orders [0, 1, 2, 3, 4, 5, 6, 7, 8, 9]
[info] using task orders [0, 1, 2, 3, 4, 5, 6, 7, 8, 9]
QUALIFY_DONE event=push_the_plate_to_the_front_of_the_stove__seed07__init35 parameter=future_06_lateral_000mm ok=1
[info] using task orders [0, 1, 2, 3, 4, 5, 6, 7, 8, 9]
QUALIFY_DONE event=push_the_plate_to_the_front_of_the_stove__seed07__init35 parameter=future_06_lateral_020mm ok=1
[info] using task orders [0, 1, 2, 3, 4, 5, 6, 7, 8, 9]
QUALIFY_DONE event=push_the_plate_to_the_front_of_the_stove__seed07__init35 parameter=future_06_lateral_040mm ok=1
[info] using task orders [0, 1, 2, 3, 4, 5, 6, 7, 8, 9]
QUALIFY_DONE event=push_the_plate_to_the_front_of_the_stove__seed07__init35 parameter=future_10_lateral_000mm ok=1
[info] using task orders [0, 1, 2, 3, 4, 5, 6, 7, 8, 9]
QUALIFY_DONE event=push_the_plate_to_the_front_of_the_stove__seed07__init35 parameter=future_10_lateral_020mm ok=1
[info] using task orders [0, 1, 2, 3, 4, 5, 6, 7, 8, 9]
QUALIFY_DONE event=push_the_plate_to_the_front_of_the_stove__seed07__init35 parameter=future_10_lateral_040mm ok=1
[info] using task orders [0, 1, 2, 3, 4, 5, 6, 7, 8, 9]
QUALIFY_DONE event=push_the_plate_to_the_front_of_the_stove__seed07__init35 parameter=future_14_lateral_000mm ok=1
[info] using task orders [0, 1, 2, 3, 4, 5, 6, 7, 8, 9]
QUALIFY_DONE event=push_the_plate_to_the_front_of_the_stove__seed07__init35 parameter=future_14_lateral_020mm ok=1
[info] using task orders [0, 1, 2, 3, 4, 5, 6, 7, 8, 9]
QUALIFY_DONE event=push_the_plate_to_the_front_of_the_stove__seed07__init35 parameter=future_14_lateral_040mm ok=1
[info] using task orders [0, 1, 2, 3, 4, 5, 6, 7, 8, 9]
[info] using task orders [0, 1, 2, 3, 4, 5, 6, 7, 8, 9]
QUALIFY_DONE event=push_the_plate_to_the_front_of_the_stove__seed07__init36 parameter=future_06_lateral_000mm ok=1
[info] using task orders [0, 1, 2, 3, 4, 5, 6, 7, 8, 9]
QUALIFY_DONE event=push_the_plate_to_the_front_of_the_stove__seed07__init36 parameter=future_06_lateral_020mm ok=1
[info] using task orders [0, 1, 2, 3, 4, 5, 6, 7, 8, 9]
QUALIFY_DONE event=push_the_plate_to_the_front_of_the_stove__seed07__init36 parameter=future_06_lateral_040mm ok=1
[info] using task orders [0, 1, 2, 3, 4, 5, 6, 7, 8, 9]
QUALIFY_DONE event=push_the_plate_to_the_front_of_the_stove__seed07__init36 parameter=future_10_lateral_000mm ok=1
[info] using task orders [0, 1, 2, 3, 4, 5, 6, 7, 8, 9]
QUALIFY_DONE event=push_the_plate_to_the_front_of_the_stove__seed07__init36 parameter=future_10_lateral_020mm ok=1
[info] using task orders [0, 1, 2, 3, 4, 5, 6, 7, 8, 9]
QUALIFY_DONE event=push_the_plate_to_the_front_of_the_stove__seed07__init36 parameter=future_10_lateral_040mm ok=1
[info] using task orders [0, 1, 2, 3, 4, 5, 6, 7, 8, 9]
QUALIFY_DONE event=push_the_plate_to_the_front_of_the_stove__seed07__init36 parameter=future_14_lateral_000mm ok=1
[info] using task orders [0, 1, 2, 3, 4, 5, 6, 7, 8, 9]
QUALIFY_DONE event=push_the_plate_to_the_front_of_the_stove__seed07__init36 parameter=future_14_lateral_020mm ok=1
[info] using task orders [0, 1, 2, 3, 4, 5, 6, 7, 8, 9]
QUALIFY_DONE event=push_the_plate_to_the_front_of_the_stove__seed07__init36 parameter=future_14_lateral_040mm ok=1
[info] using task orders [0, 1, 2, 3, 4, 5, 6, 7, 8, 9]
[info] using task orders [0, 1, 2, 3, 4, 5, 6, 7, 8, 9]
QUALIFY_DONE event=push_the_plate_to_the_front_of_the_stove__seed07__init37 parameter=future_06_lateral_000mm ok=1
[info] using task orders [0, 1, 2, 3, 4, 5, 6, 7, 8, 9]
QUALIFY_DONE event=push_the_plate_to_the_front_of_the_stove__seed07__init37 parameter=future_06_lateral_020mm ok=1
[info] using task orders [0, 1, 2, 3, 4, 5, 6, 7, 8, 9]
QUALIFY_DONE event=push_the_plate_to_the_front_of_the_stove__seed07__init37 parameter=future_06_lateral_040mm ok=1
[info] using task orders [0, 1, 2, 3, 4, 5, 6, 7, 8, 9]
QUALIFY_DONE event=push_the_plate_to_the_front_of_the_stove__seed07__init37 parameter=future_10_lateral_000mm ok=1
[info] using task orders [0, 1, 2, 3, 4, 5, 6, 7, 8, 9]
QUALIFY_DONE event=push_the_plate_to_the_front_of_the_stove__seed07__init37 parameter=future_10_lateral_020mm ok=1
[info] using task orders [0, 1, 2, 3, 4, 5, 6, 7, 8, 9]
QUALIFY_DONE event=push_the_plate_to_the_front_of_the_stove__seed07__init37 parameter=future_10_lateral_040mm ok=1
[info] using task orders [0, 1, 2, 3, 4, 5, 6, 7, 8, 9]
QUALIFY_DONE event=push_the_plate_to_the_front_of_the_stove__seed07__init37 parameter=future_14_lateral_000mm ok=1
[info] using task orders [0, 1, 2, 3, 4, 5, 6, 7, 8, 9]
QUALIFY_DONE event=push_the_plate_to_the_front_of_the_stove__seed07__init37 parameter=future_14_lateral_020mm ok=1
[info] using task orders [0, 1, 2, 3, 4, 5, 6, 7, 8, 9]
QUALIFY_DONE event=push_the_plate_to_the_front_of_the_stove__seed07__init37 parameter=future_14_lateral_040mm ok=1
[info] using task orders [0, 1, 2, 3, 4, 5, 6, 7, 8, 9]
[info] using task orders [0, 1, 2, 3, 4, 5, 6, 7, 8, 9]
QUALIFY_DONE event=push_the_plate_to_the_front_of_the_stove__seed07__init38 parameter=future_06_lateral_000mm ok=1
[info] using task orders [0, 1, 2, 3, 4, 5, 6, 7, 8, 9]
QUALIFY_DONE event=push_the_plate_to_the_front_of_the_stove__seed07__init38 parameter=future_06_lateral_020mm ok=1
[info] using task orders [0, 1, 2, 3, 4, 5, 6, 7, 8, 9]
QUALIFY_DONE event=push_the_plate_to_the_front_of_the_stove__seed07__init38 parameter=future_06_lateral_040mm ok=1
[info] using task orders [0, 1, 2, 3, 4, 5, 6, 7, 8, 9]
QUALIFY_DONE event=push_the_plate_to_the_front_of_the_stove__seed07__init38 parameter=future_10_lateral_000mm ok=1
[info] using task orders [0, 1, 2, 3, 4, 5, 6, 7, 8, 9]
QUALIFY_DONE event=push_the_plate_to_the_front_of_the_stove__seed07__init38 parameter=future_10_lateral_020mm ok=1
[info] using task orders [0, 1, 2, 3, 4, 5, 6, 7, 8, 9]
QUALIFY_DONE event=push_the_plate_to_the_front_of_the_stove__seed07__init38 parameter=future_10_lateral_040mm ok=1
[info] using task orders [0, 1, 2, 3, 4, 5, 6, 7, 8, 9]
QUALIFY_DONE event=push_the_plate_to_the_front_of_the_stove__seed07__init38 parameter=future_14_lateral_000mm ok=1
[info] using task orders [0, 1, 2, 3, 4, 5, 6, 7, 8, 9]
QUALIFY_DONE event=push_the_plate_to_the_front_of_the_stove__seed07__init38 parameter=future_14_lateral_020mm ok=1
[info] using task orders [0, 1, 2, 3, 4, 5, 6, 7, 8, 9]
QUALIFY_DONE event=push_the_plate_to_the_front_of_the_stove__seed07__init38 parameter=future_14_lateral_040mm ok=1
[info] using task orders [0, 1, 2, 3, 4, 5, 6, 7, 8, 9]
[info] using task orders [0, 1, 2, 3, 4, 5, 6, 7, 8, 9]
QUALIFY_DONE event=push_the_plate_to_the_front_of_the_stove__seed07__init39 parameter=future_06_lateral_000mm ok=1
[info] using task orders [0, 1, 2, 3, 4, 5, 6, 7, 8, 9]
QUALIFY_DONE event=push_the_plate_to_the_front_of_the_stove__seed07__init39 parameter=future_06_lateral_020mm ok=1
[info] using task orders [0, 1, 2, 3, 4, 5, 6, 7, 8, 9]
QUALIFY_DONE event=push_the_plate_to_the_front_of_the_stove__seed07__init39 parameter=future_06_lateral_040mm ok=1
[info] using task orders [0, 1, 2, 3, 4, 5, 6, 7, 8, 9]
QUALIFY_DONE event=push_the_plate_to_the_front_of_the_stove__seed07__init39 parameter=future_10_lateral_000mm ok=1
[info] using task orders [0, 1, 2, 3, 4, 5, 6, 7, 8, 9]
QUALIFY_DONE event=push_the_plate_to_the_front_of_the_stove__seed07__init39 parameter=future_10_lateral_020mm ok=1
[info] using task orders [0, 1, 2, 3, 4, 5, 6, 7, 8, 9]
QUALIFY_DONE event=push_the_plate_to_the_front_of_the_stove__seed07__init39 parameter=future_10_lateral_040mm ok=1
[info] using task orders [0, 1, 2, 3, 4, 5, 6, 7, 8, 9]
QUALIFY_DONE event=push_the_plate_to_the_front_of_the_stove__seed07__init39 parameter=future_14_lateral_000mm ok=1
[info] using task orders [0, 1, 2, 3, 4, 5, 6, 7, 8, 9]
QUALIFY_DONE event=push_the_plate_to_the_front_of_the_stove__seed07__init39 parameter=future_14_lateral_020mm ok=1
[info] using task orders [0, 1, 2, 3, 4, 5, 6, 7, 8, 9]
QUALIFY_DONE event=push_the_plate_to_the_front_of_the_stove__seed07__init39 parameter=future_14_lateral_040mm ok=1
/mnt/cpfs/zbl-cpfs-new/USERS/leon/envs/libero_sft/lib/python3.11/site-packages/torch/nn/modules/transformer.py:379: UserWarning: enable_nested_tensor is True, but self.use_nested_tensor is False because encoder_layer.norm_first was True
  warnings.warn(
[info] using task orders [0, 1, 2, 3, 4, 5, 6, 7, 8, 9]
[info] using task orders [0, 1, 2, 3, 4, 5, 6, 7, 8, 9]
QUALIFY_DONE event=push_the_plate_to_the_front_of_the_stove__seed29__init30 parameter=future_06_lateral_000mm ok=1
[info] using task orders [0, 1, 2, 3, 4, 5, 6, 7, 8, 9]
QUALIFY_DONE event=push_the_plate_to_the_front_of_the_stove__seed29__init30 parameter=future_06_lateral_020mm ok=1
[info] using task orders [0, 1, 2, 3, 4, 5, 6, 7, 8, 9]
QUALIFY_DONE event=push_the_plate_to_the_front_of_the_stove__seed29__init30 parameter=future_06_lateral_040mm ok=1
[info] using task orders [0, 1, 2, 3, 4, 5, 6, 7, 8, 9]
QUALIFY_DONE event=push_the_plate_to_the_front_of_the_stove__seed29__init30 parameter=future_10_lateral_000mm ok=1
[info] using task orders [0, 1, 2, 3, 4, 5, 6, 7, 8, 9]
QUALIFY_DONE event=push_the_plate_to_the_front_of_the_stove__seed29__init30 parameter=future_10_lateral_020mm ok=1
[info] using task orders [0, 1, 2, 3, 4, 5, 6, 7, 8, 9]
QUALIFY_DONE event=push_the_plate_to_the_front_of_the_stove__seed29__init30 parameter=future_10_lateral_040mm ok=1
[info] using task orders [0, 1, 2, 3, 4, 5, 6, 7, 8, 9]
QUALIFY_DONE event=push_the_plate_to_the_front_of_the_stove__seed29__init30 parameter=future_14_lateral_000mm ok=1
[info] using task orders [0, 1, 2, 3, 4, 5, 6, 7, 8, 9]
QUALIFY_DONE event=push_the_plate_to_the_front_of_the_stove__seed29__init30 parameter=future_14_lateral_020mm ok=1
[info] using task orders [0, 1, 2, 3, 4, 5, 6, 7, 8, 9]
QUALIFY_DONE event=push_the_plate_to_the_front_of_the_stove__seed29__init30 parameter=future_14_lateral_040mm ok=1
[info] using task orders [0, 1, 2, 3, 4, 5, 6, 7, 8, 9]
[info] using task orders [0, 1, 2, 3, 4, 5, 6, 7, 8, 9]
QUALIFY_DONE event=push_the_plate_to_the_front_of_the_stove__seed29__init31 parameter=future_06_lateral_000mm ok=1
[info] using task orders [0, 1, 2, 3, 4, 5, 6, 7, 8, 9]
QUALIFY_DONE event=push_the_plate_to_the_front_of_the_stove__seed29__init31 parameter=future_06_lateral_020mm ok=1
[info] using task orders [0, 1, 2, 3, 4, 5, 6, 7, 8, 9]
QUALIFY_DONE event=push_the_plate_to_the_front_of_the_stove__seed29__init31 parameter=future_06_lateral_040mm ok=1
[info] using task orders [0, 1, 2, 3, 4, 5, 6, 7, 8, 9]
QUALIFY_DONE event=push_the_plate_to_the_front_of_the_stove__seed29__init31 parameter=future_10_lateral_000mm ok=1
[info] using task orders [0, 1, 2, 3, 4, 5, 6, 7, 8, 9]
QUALIFY_DONE event=push_the_plate_to_the_front_of_the_stove__seed29__init31 parameter=future_10_lateral_020mm ok=1
[info] using task orders [0, 1, 2, 3, 4, 5, 6, 7, 8, 9]
QUALIFY_DONE event=push_the_plate_to_the_front_of_the_stove__seed29__init31 parameter=future_10_lateral_040mm ok=1
[info] using task orders [0, 1, 2, 3, 4, 5, 6, 7, 8, 9]
QUALIFY_DONE event=push_the_plate_to_the_front_of_the_stove__seed29__init31 parameter=future_14_lateral_000mm ok=1
[info] using task orders [0, 1, 2, 3, 4, 5, 6, 7, 8, 9]
QUALIFY_DONE event=push_the_plate_to_the_front_of_the_stove__seed29__init31 parameter=future_14_lateral_020mm ok=1
[info] using task orders [0, 1, 2, 3, 4, 5, 6, 7, 8, 9]
QUALIFY_DONE event=push_the_plate_to_the_front_of_the_stove__seed29__init31 parameter=future_14_lateral_040mm ok=1
[info] using task orders [0, 1, 2, 3, 4, 5, 6, 7, 8, 9]
[info] using task orders [0, 1, 2, 3, 4, 5, 6, 7, 8, 9]
QUALIFY_DONE event=push_the_plate_to_the_front_of_the_stove__seed29__init32 parameter=future_06_lateral_000mm ok=1
[info] using task orders [0, 1, 2, 3, 4, 5, 6, 7, 8, 9]
QUALIFY_DONE event=push_the_plate_to_the_front_of_the_stove__seed29__init32 parameter=future_06_lateral_020mm ok=1
[info] using task orders [0, 1, 2, 3, 4, 5, 6, 7, 8, 9]
QUALIFY_DONE event=push_the_plate_to_the_front_of_the_stove__seed29__init32 parameter=future_06_lateral_040mm ok=1
[info] using task orders [0, 1, 2, 3, 4, 5, 6, 7, 8, 9]
QUALIFY_DONE event=push_the_plate_to_the_front_of_the_stove__seed29__init32 parameter=future_10_lateral_000mm ok=1
[info] using task orders [0, 1, 2, 3, 4, 5, 6, 7, 8, 9]
QUALIFY_DONE event=push_the_plate_to_the_front_of_the_stove__seed29__init32 parameter=future_10_lateral_020mm ok=1
[info] using task orders [0, 1, 2, 3, 4, 5, 6, 7, 8, 9]
QUALIFY_DONE event=push_the_plate_to_the_front_of_the_stove__seed29__init32 parameter=future_10_lateral_040mm ok=1
[info] using task orders [0, 1, 2, 3, 4, 5, 6, 7, 8, 9]
QUALIFY_DONE event=push_the_plate_to_the_front_of_the_stove__seed29__init32 parameter=future_14_lateral_000mm ok=1
[info] using task orders [0, 1, 2, 3, 4, 5, 6, 7, 8, 9]
QUALIFY_DONE event=push_the_plate_to_the_front_of_the_stove__seed29__init32 parameter=future_14_lateral_020mm ok=1
[info] using task orders [0, 1, 2, 3, 4, 5, 6, 7, 8, 9]
QUALIFY_DONE event=push_the_plate_to_the_front_of_the_stove__seed29__init32 parameter=future_14_lateral_040mm ok=1
[info] using task orders [0, 1, 2, 3, 4, 5, 6, 7, 8, 9]
[info] using task orders [0, 1, 2, 3, 4, 5, 6, 7, 8, 9]
QUALIFY_DONE event=push_the_plate_to_the_front_of_the_stove__seed29__init33 parameter=future_06_lateral_000mm ok=1
[info] using task orders [0, 1, 2, 3, 4, 5, 6, 7, 8, 9]
QUALIFY_DONE event=push_the_plate_to_the_front_of_the_stove__seed29__init33 parameter=future_06_lateral_020mm ok=1
[info] using task orders [0, 1, 2, 3, 4, 5, 6, 7, 8, 9]
QUALIFY_DONE event=push_the_plate_to_the_front_of_the_stove__seed29__init33 parameter=future_06_lateral_040mm ok=1
[info] using task orders [0, 1, 2, 3, 4, 5, 6, 7, 8, 9]
QUALIFY_DONE event=push_the_plate_to_the_front_of_the_stove__seed29__init33 parameter=future_10_lateral_000mm ok=1
[info] using task orders [0, 1, 2, 3, 4, 5, 6, 7, 8, 9]
QUALIFY_DONE event=push_the_plate_to_the_front_of_the_stove__seed29__init33 parameter=future_10_lateral_020mm ok=1
[info] using task orders [0, 1, 2, 3, 4, 5, 6, 7, 8, 9]
QUALIFY_DONE event=push_the_plate_to_the_front_of_the_stove__seed29__init33 parameter=future_10_lateral_040mm ok=1
[info] using task orders [0, 1, 2, 3, 4, 5, 6, 7, 8, 9]
QUALIFY_DONE event=push_the_plate_to_the_front_of_the_stove__seed29__init33 parameter=future_14_lateral_000mm ok=1
[info] using task orders [0, 1, 2, 3, 4, 5, 6, 7, 8, 9]
QUALIFY_DONE event=push_the_plate_to_the_front_of_the_stove__seed29__init33 parameter=future_14_lateral_020mm ok=1
[info] using task orders [0, 1, 2, 3, 4, 5, 6, 7, 8, 9]
QUALIFY_DONE event=push_the_plate_to_the_front_of_the_stove__seed29__init33 parameter=future_14_lateral_040mm ok=1
[info] using task orders [0, 1, 2, 3, 4, 5, 6, 7, 8, 9]
[info] using task orders [0, 1, 2, 3, 4, 5, 6, 7, 8, 9]
QUALIFY_DONE event=push_the_plate_to_the_front_of_the_stove__seed29__init34 parameter=future_06_lateral_000mm ok=1
[info] using task orders [0, 1, 2, 3, 4, 5, 6, 7, 8, 9]
QUALIFY_DONE event=push_the_plate_to_the_front_of_the_stove__seed29__init34 parameter=future_06_lateral_020mm ok=1
[info] using task orders [0, 1, 2, 3, 4, 5, 6, 7, 8, 9]
QUALIFY_DONE event=push_the_plate_to_the_front_of_the_stove__seed29__init34 parameter=future_06_lateral_040mm ok=1
[info] using task orders [0, 1, 2, 3, 4, 5, 6, 7, 8, 9]
QUALIFY_DONE event=push_the_plate_to_the_front_of_the_stove__seed29__init34 parameter=future_10_lateral_000mm ok=1
[info] using task orders [0, 1, 2, 3, 4, 5, 6, 7, 8, 9]
QUALIFY_DONE event=push_the_plate_to_the_front_of_the_stove__seed29__init34 parameter=future_10_lateral_020mm ok=1
[info] using task orders [0, 1, 2, 3, 4, 5, 6, 7, 8, 9]
QUALIFY_DONE event=push_the_plate_to_the_front_of_the_stove__seed29__init34 parameter=future_10_lateral_040mm ok=1
[info] using task orders [0, 1, 2, 3, 4, 5, 6, 7, 8, 9]
QUALIFY_DONE event=push_the_plate_to_the_front_of_the_stove__seed29__init34 parameter=future_14_lateral_000mm ok=1
[info] using task orders [0, 1, 2, 3, 4, 5, 6, 7, 8, 9]
QUALIFY_DONE event=push_the_plate_to_the_front_of_the_stove__seed29__init34 parameter=future_14_lateral_020mm ok=1
[info] using task orders [0, 1, 2, 3, 4, 5, 6, 7, 8, 9]
QUALIFY_DONE event=push_the_plate_to_the_front_of_the_stove__seed29__init34 parameter=future_14_lateral_040mm ok=1
[info] using task orders [0, 1, 2, 3, 4, 5, 6, 7, 8, 9]
[info] using task orders [0, 1, 2, 3, 4, 5, 6, 7, 8, 9]
QUALIFY_DONE event=push_the_plate_to_the_front_of_the_stove__seed29__init35 parameter=future_06_lateral_000mm ok=1
[info] using task orders [0, 1, 2, 3, 4, 5, 6, 7, 8, 9]
QUALIFY_DONE event=push_the_plate_to_the_front_of_the_stove__seed29__init35 parameter=future_06_lateral_020mm ok=1
[info] using task orders [0, 1, 2, 3, 4, 5, 6, 7, 8, 9]
QUALIFY_DONE event=push_the_plate_to_the_front_of_the_stove__seed29__init35 parameter=future_06_lateral_040mm ok=1
[info] using task orders [0, 1, 2, 3, 4, 5, 6, 7, 8, 9]
QUALIFY_DONE event=push_the_plate_to_the_front_of_the_stove__seed29__init35 parameter=future_10_lateral_000mm ok=1
[info] using task orders [0, 1, 2, 3, 4, 5, 6, 7, 8, 9]
QUALIFY_DONE event=push_the_plate_to_the_front_of_the_stove__seed29__init35 parameter=future_10_lateral_020mm ok=1
[info] using task orders [0, 1, 2, 3, 4, 5, 6, 7, 8, 9]
QUALIFY_DONE event=push_the_plate_to_the_front_of_the_stove__seed29__init35 parameter=future_10_lateral_040mm ok=1
[info] using task orders [0, 1, 2, 3, 4, 5, 6, 7, 8, 9]
QUALIFY_DONE event=push_the_plate_to_the_front_of_the_stove__seed29__init35 parameter=future_14_lateral_000mm ok=1
[info] using task orders [0, 1, 2, 3, 4, 5, 6, 7, 8, 9]
QUALIFY_DONE event=push_the_plate_to_the_front_of_the_stove__seed29__init35 parameter=future_14_lateral_020mm ok=1
[info] using task orders [0, 1, 2, 3, 4, 5, 6, 7, 8, 9]
QUALIFY_DONE event=push_the_plate_to_the_front_of_the_stove__seed29__init35 parameter=future_14_lateral_040mm ok=1
[info] using task orders [0, 1, 2, 3, 4, 5, 6, 7, 8, 9]
[info] using task orders [0, 1, 2, 3, 4, 5, 6, 7, 8, 9]
QUALIFY_DONE event=push_the_plate_to_the_front_of_the_stove__seed29__init36 parameter=future_06_lateral_000mm ok=1
[info] using task orders [0, 1, 2, 3, 4, 5, 6, 7, 8, 9]
QUALIFY_DONE event=push_the_plate_to_the_front_of_the_stove__seed29__init36 parameter=future_06_lateral_020mm ok=1
[info] using task orders [0, 1, 2, 3, 4, 5, 6, 7, 8, 9]
QUALIFY_DONE event=push_the_plate_to_the_front_of_the_stove__seed29__init36 parameter=future_06_lateral_040mm ok=1
[info] using task orders [0, 1, 2, 3, 4, 5, 6, 7, 8, 9]
QUALIFY_DONE event=push_the_plate_to_the_front_of_the_stove__seed29__init36 parameter=future_10_lateral_000mm ok=1
[info] using task orders [0, 1, 2, 3, 4, 5, 6, 7, 8, 9]
QUALIFY_DONE event=push_the_plate_to_the_front_of_the_stove__seed29__init36 parameter=future_10_lateral_020mm ok=1
[info] using task orders [0, 1, 2, 3, 4, 5, 6, 7, 8, 9]
QUALIFY_DONE event=push_the_plate_to_the_front_of_the_stove__seed29__init36 parameter=future_10_lateral_040mm ok=1
[info] using task orders [0, 1, 2, 3, 4, 5, 6, 7, 8, 9]
QUALIFY_DONE event=push_the_plate_to_the_front_of_the_stove__seed29__init36 parameter=future_14_lateral_000mm ok=1
[info] using task orders [0, 1, 2, 3, 4, 5, 6, 7, 8, 9]
QUALIFY_DONE event=push_the_plate_to_the_front_of_the_stove__seed29__init36 parameter=future_14_lateral_020mm ok=1
[info] using task orders [0, 1, 2, 3, 4, 5, 6, 7, 8, 9]
QUALIFY_DONE event=push_the_plate_to_the_front_of_the_stove__seed29__init36 parameter=future_14_lateral_040mm ok=1
[info] using task orders [0, 1, 2, 3, 4, 5, 6, 7, 8, 9]
[info] using task orders [0, 1, 2, 3, 4, 5, 6, 7, 8, 9]
QUALIFY_DONE event=push_the_plate_to_the_front_of_the_stove__seed29__init37 parameter=future_06_lateral_000mm ok=1
[info] using task orders [0, 1, 2, 3, 4, 5, 6, 7, 8, 9]
QUALIFY_DONE event=push_the_plate_to_the_front_of_the_stove__seed29__init37 parameter=future_06_lateral_020mm ok=1
[info] using task orders [0, 1, 2, 3, 4, 5, 6, 7, 8, 9]
QUALIFY_DONE event=push_the_plate_to_the_front_of_the_stove__seed29__init37 parameter=future_06_lateral_040mm ok=1
[info] using task orders [0, 1, 2, 3, 4, 5, 6, 7, 8, 9]
QUALIFY_DONE event=push_the_plate_to_the_front_of_the_stove__seed29__init37 parameter=future_10_lateral_000mm ok=1
[info] using task orders [0, 1, 2, 3, 4, 5, 6, 7, 8, 9]
QUALIFY_DONE event=push_the_plate_to_the_front_of_the_stove__seed29__init37 parameter=future_10_lateral_020mm ok=1
[info] using task orders [0, 1, 2, 3, 4, 5, 6, 7, 8, 9]
QUALIFY_DONE event=push_the_plate_to_the_front_of_the_stove__seed29__init37 parameter=future_10_lateral_040mm ok=1
[info] using task orders [0, 1, 2, 3, 4, 5, 6, 7, 8, 9]
QUALIFY_DONE event=push_the_plate_to_the_front_of_the_stove__seed29__init37 parameter=future_14_lateral_000mm ok=1
[info] using task orders [0, 1, 2, 3, 4, 5, 6, 7, 8, 9]
QUALIFY_DONE event=push_the_plate_to_the_front_of_the_stove__seed29__init37 parameter=future_14_lateral_020mm ok=1
[info] using task orders [0, 1, 2, 3, 4, 5, 6, 7, 8, 9]
QUALIFY_DONE event=push_the_plate_to_the_front_of_the_stove__seed29__init37 parameter=future_14_lateral_040mm ok=1
[info] using task orders [0, 1, 2, 3, 4, 5, 6, 7, 8, 9]
[info] using task orders [0, 1, 2, 3, 4, 5, 6, 7, 8, 9]
QUALIFY_DONE event=push_the_plate_to_the_front_of_the_stove__seed29__init38 parameter=future_06_lateral_000mm ok=1
[info] using task orders [0, 1, 2, 3, 4, 5, 6, 7, 8, 9]
QUALIFY_DONE event=push_the_plate_to_the_front_of_the_stove__seed29__init38 parameter=future_06_lateral_020mm ok=1
[info] using task orders [0, 1, 2, 3, 4, 5, 6, 7, 8, 9]
QUALIFY_DONE event=push_the_plate_to_the_front_of_the_stove__seed29__init38 parameter=future_06_lateral_040mm ok=1
[info] using task orders [0, 1, 2, 3, 4, 5, 6, 7, 8, 9]
QUALIFY_DONE event=push_the_plate_to_the_front_of_the_stove__seed29__init38 parameter=future_10_lateral_000mm ok=1
[info] using task orders [0, 1, 2, 3, 4, 5, 6, 7, 8, 9]
QUALIFY_DONE event=push_the_plate_to_the_front_of_the_stove__seed29__init38 parameter=future_10_lateral_020mm ok=1
[info] using task orders [0, 1, 2, 3, 4, 5, 6, 7, 8, 9]
QUALIFY_DONE event=push_the_plate_to_the_front_of_the_stove__seed29__init38 parameter=future_10_lateral_040mm ok=1
[info] using task orders [0, 1, 2, 3, 4, 5, 6, 7, 8, 9]
QUALIFY_DONE event=push_the_plate_to_the_front_of_the_stove__seed29__init38 parameter=future_14_lateral_000mm ok=1
[info] using task orders [0, 1, 2, 3, 4, 5, 6, 7, 8, 9]
QUALIFY_DONE event=push_the_plate_to_the_front_of_the_stove__seed29__init38 parameter=future_14_lateral_020mm ok=1
[info] using task orders [0, 1, 2, 3, 4, 5, 6, 7, 8, 9]
QUALIFY_DONE event=push_the_plate_to_the_front_of_the_stove__seed29__init38 parameter=future_14_lateral_040mm ok=1
[info] using task orders [0, 1, 2, 3, 4, 5, 6, 7, 8, 9]
[info] using task orders [0, 1, 2, 3, 4, 5, 6, 7, 8, 9]
QUALIFY_DONE event=push_the_plate_to_the_front_of_the_stove__seed29__init39 parameter=future_06_lateral_000mm ok=1
[info] using task orders [0, 1, 2, 3, 4, 5, 6, 7, 8, 9]
QUALIFY_DONE event=push_the_plate_to_the_front_of_the_stove__seed29__init39 parameter=future_06_lateral_020mm ok=1
[info] using task orders [0, 1, 2, 3, 4, 5, 6, 7, 8, 9]
QUALIFY_DONE event=push_the_plate_to_the_front_of_the_stove__seed29__init39 parameter=future_06_lateral_040mm ok=1
[info] using task orders [0, 1, 2, 3, 4, 5, 6, 7, 8, 9]
QUALIFY_DONE event=push_the_plate_to_the_front_of_the_stove__seed29__init39 parameter=future_10_lateral_000mm ok=1
[info] using task orders [0, 1, 2, 3, 4, 5, 6, 7, 8, 9]
QUALIFY_DONE event=push_the_plate_to_the_front_of_the_stove__seed29__init39 parameter=future_10_lateral_020mm ok=1
[info] using task orders [0, 1, 2, 3, 4, 5, 6, 7, 8, 9]
QUALIFY_DONE event=push_the_plate_to_the_front_of_the_stove__seed29__init39 parameter=future_10_lateral_040mm ok=1
[info] using task orders [0, 1, 2, 3, 4, 5, 6, 7, 8, 9]
QUALIFY_DONE event=push_the_plate_to_the_front_of_the_stove__seed29__init39 parameter=future_14_lateral_000mm ok=1
[info] using task orders [0, 1, 2, 3, 4, 5, 6, 7, 8, 9]
QUALIFY_DONE event=push_the_plate_to_the_front_of_the_stove__seed29__init39 parameter=future_14_lateral_020mm ok=1
[info] using task orders [0, 1, 2, 3, 4, 5, 6, 7, 8, 9]
QUALIFY_DONE event=push_the_plate_to_the_front_of_the_stove__seed29__init39 parameter=future_14_lateral_040mm ok=1
/mnt/cpfs/zbl-cpfs-new/USERS/leon/envs/libero_sft/lib/python3.11/site-packages/torch/nn/modules/transformer.py:379: UserWarning: enable_nested_tensor is True, but self.use_nested_tensor is False because encoder_layer.norm_first was True
  warnings.warn(
[info] using task orders [0, 1, 2, 3, 4, 5, 6, 7, 8, 9]
[info] using task orders [0, 1, 2, 3, 4, 5, 6, 7, 8, 9]
QUALIFY_DONE event=open_the_top_drawer_and_put_the_bowl_inside__seed17__init30 parameter=future_06_lateral_000mm ok=1
[info] using task orders [0, 1, 2, 3, 4, 5, 6, 7, 8, 9]
QUALIFY_DONE event=open_the_top_drawer_and_put_the_bowl_inside__seed17__init30 parameter=future_06_lateral_020mm ok=1
[info] using task orders [0, 1, 2, 3, 4, 5, 6, 7, 8, 9]
QUALIFY_DONE event=open_the_top_drawer_and_put_the_bowl_inside__seed17__init30 parameter=future_06_lateral_040mm ok=1
[info] using task orders [0, 1, 2, 3, 4, 5, 6, 7, 8, 9]
QUALIFY_DONE event=open_the_top_drawer_and_put_the_bowl_inside__seed17__init30 parameter=future_10_lateral_000mm ok=1
[info] using task orders [0, 1, 2, 3, 4, 5, 6, 7, 8, 9]
QUALIFY_DONE event=open_the_top_drawer_and_put_the_bowl_inside__seed17__init30 parameter=future_10_lateral_020mm ok=1
[info] using task orders [0, 1, 2, 3, 4, 5, 6, 7, 8, 9]
QUALIFY_DONE event=open_the_top_drawer_and_put_the_bowl_inside__seed17__init30 parameter=future_10_lateral_040mm ok=1
[info] using task orders [0, 1, 2, 3, 4, 5, 6, 7, 8, 9]
QUALIFY_DONE event=open_the_top_drawer_and_put_the_bowl_inside__seed17__init30 parameter=future_14_lateral_000mm ok=1
[info] using task orders [0, 1, 2, 3, 4, 5, 6, 7, 8, 9]
QUALIFY_DONE event=open_the_top_drawer_and_put_the_bowl_inside__seed17__init30 parameter=future_14_lateral_020mm ok=1
[info] using task orders [0, 1, 2, 3, 4, 5, 6, 7, 8, 9]
QUALIFY_DONE event=open_the_top_drawer_and_put_the_bowl_inside__seed17__init30 parameter=future_14_lateral_040mm ok=1
[info] using task orders [0, 1, 2, 3, 4, 5, 6, 7, 8, 9]
[info] using task orders [0, 1, 2, 3, 4, 5, 6, 7, 8, 9]
QUALIFY_DONE event=open_the_top_drawer_and_put_the_bowl_inside__seed17__init31 parameter=future_06_lateral_000mm ok=1
[info] using task orders [0, 1, 2, 3, 4, 5, 6, 7, 8, 9]
QUALIFY_DONE event=open_the_top_drawer_and_put_the_bowl_inside__seed17__init31 parameter=future_06_lateral_020mm ok=1
[info] using task orders [0, 1, 2, 3, 4, 5, 6, 7, 8, 9]
QUALIFY_DONE event=open_the_top_drawer_and_put_the_bowl_inside__seed17__init31 parameter=future_06_lateral_040mm ok=1
[info] using task orders [0, 1, 2, 3, 4, 5, 6, 7, 8, 9]
QUALIFY_DONE event=open_the_top_drawer_and_put_the_bowl_inside__seed17__init31 parameter=future_10_lateral_000mm ok=1
[info] using task orders [0, 1, 2, 3, 4, 5, 6, 7, 8, 9]
QUALIFY_DONE event=open_the_top_drawer_and_put_the_bowl_inside__seed17__init31 parameter=future_10_lateral_020mm ok=1
[info] using task orders [0, 1, 2, 3, 4, 5, 6, 7, 8, 9]
QUALIFY_DONE event=open_the_top_drawer_and_put_the_bowl_inside__seed17__init31 parameter=future_10_lateral_040mm ok=1
[info] using task orders [0, 1, 2, 3, 4, 5, 6, 7, 8, 9]
QUALIFY_DONE event=open_the_top_drawer_and_put_the_bowl_inside__seed17__init31 parameter=future_14_lateral_000mm ok=1
[info] using task orders [0, 1, 2, 3, 4, 5, 6, 7, 8, 9]
QUALIFY_DONE event=open_the_top_drawer_and_put_the_bowl_inside__seed17__init31 parameter=future_14_lateral_020mm ok=1
[info] using task orders [0, 1, 2, 3, 4, 5, 6, 7, 8, 9]
QUALIFY_DONE event=open_the_top_drawer_and_put_the_bowl_inside__seed17__init31 parameter=future_14_lateral_040mm ok=1
[info] using task orders [0, 1, 2, 3, 4, 5, 6, 7, 8, 9]
[info] using task orders [0, 1, 2, 3, 4, 5, 6, 7, 8, 9]
QUALIFY_DONE event=open_the_top_drawer_and_put_the_bowl_inside__seed17__init32 parameter=future_06_lateral_000mm ok=1
[info] using task orders [0, 1, 2, 3, 4, 5, 6, 7, 8, 9]
QUALIFY_DONE event=open_the_top_drawer_and_put_the_bowl_inside__seed17__init32 parameter=future_06_lateral_020mm ok=1
[info] using task orders [0, 1, 2, 3, 4, 5, 6, 7, 8, 9]
QUALIFY_DONE event=open_the_top_drawer_and_put_the_bowl_inside__seed17__init32 parameter=future_06_lateral_040mm ok=1
[info] using task orders [0, 1, 2, 3, 4, 5, 6, 7, 8, 9]
QUALIFY_DONE event=open_the_top_drawer_and_put_the_bowl_inside__seed17__init32 parameter=future_10_lateral_000mm ok=1
[info] using task orders [0, 1, 2, 3, 4, 5, 6, 7, 8, 9]
QUALIFY_DONE event=open_the_top_drawer_and_put_the_bowl_inside__seed17__init32 parameter=future_10_lateral_020mm ok=1
[info] using task orders [0, 1, 2, 3, 4, 5, 6, 7, 8, 9]
QUALIFY_DONE event=open_the_top_drawer_and_put_the_bowl_inside__seed17__init32 parameter=future_10_lateral_040mm ok=1
[info] using task orders [0, 1, 2, 3, 4, 5, 6, 7, 8, 9]
QUALIFY_DONE event=open_the_top_drawer_and_put_the_bowl_inside__seed17__init32 parameter=future_14_lateral_000mm ok=1
[info] using task orders [0, 1, 2, 3, 4, 5, 6, 7, 8, 9]
QUALIFY_DONE event=open_the_top_drawer_and_put_the_bowl_inside__seed17__init32 parameter=future_14_lateral_020mm ok=1
[info] using task orders [0, 1, 2, 3, 4, 5, 6, 7, 8, 9]
QUALIFY_DONE event=open_the_top_drawer_and_put_the_bowl_inside__seed17__init32 parameter=future_14_lateral_040mm ok=1
[info] using task orders [0, 1, 2, 3, 4, 5, 6, 7, 8, 9]
[info] using task orders [0, 1, 2, 3, 4, 5, 6, 7, 8, 9]
QUALIFY_DONE event=open_the_top_drawer_and_put_the_bowl_inside__seed17__init33 parameter=future_06_lateral_000mm ok=1
[info] using task orders [0, 1, 2, 3, 4, 5, 6, 7, 8, 9]
QUALIFY_DONE event=open_the_top_drawer_and_put_the_bowl_inside__seed17__init33 parameter=future_06_lateral_020mm ok=1
[info] using task orders [0, 1, 2, 3, 4, 5, 6, 7, 8, 9]
QUALIFY_DONE event=open_the_top_drawer_and_put_the_bowl_inside__seed17__init33 parameter=future_06_lateral_040mm ok=1
[info] using task orders [0, 1, 2, 3, 4, 5, 6, 7, 8, 9]
QUALIFY_DONE event=open_the_top_drawer_and_put_the_bowl_inside__seed17__init33 parameter=future_10_lateral_000mm ok=1
[info] using task orders [0, 1, 2, 3, 4, 5, 6, 7, 8, 9]
QUALIFY_DONE event=open_the_top_drawer_and_put_the_bowl_inside__seed17__init33 parameter=future_10_lateral_020mm ok=1
[info] using task orders [0, 1, 2, 3, 4, 5, 6, 7, 8, 9]
QUALIFY_DONE event=open_the_top_drawer_and_put_the_bowl_inside__seed17__init33 parameter=future_10_lateral_040mm ok=1
[info] using task orders [0, 1, 2, 3, 4, 5, 6, 7, 8, 9]
QUALIFY_DONE event=open_the_top_drawer_and_put_the_bowl_inside__seed17__init33 parameter=future_14_lateral_000mm ok=1
[info] using task orders [0, 1, 2, 3, 4, 5, 6, 7, 8, 9]
QUALIFY_DONE event=open_the_top_drawer_and_put_the_bowl_inside__seed17__init33 parameter=future_14_lateral_020mm ok=1
[info] using task orders [0, 1, 2, 3, 4, 5, 6, 7, 8, 9]
QUALIFY_DONE event=open_the_top_drawer_and_put_the_bowl_inside__seed17__init33 parameter=future_14_lateral_040mm ok=1
[info] using task orders [0, 1, 2, 3, 4, 5, 6, 7, 8, 9]
[info] using task orders [0, 1, 2, 3, 4, 5, 6, 7, 8, 9]
QUALIFY_DONE event=open_the_top_drawer_and_put_the_bowl_inside__seed17__init34 parameter=future_06_lateral_000mm ok=1
[info] using task orders [0, 1, 2, 3, 4, 5, 6, 7, 8, 9]
QUALIFY_DONE event=open_the_top_drawer_and_put_the_bowl_inside__seed17__init34 parameter=future_06_lateral_020mm ok=1
[info] using task orders [0, 1, 2, 3, 4, 5, 6, 7, 8, 9]
QUALIFY_DONE event=open_the_top_drawer_and_put_the_bowl_inside__seed17__init34 parameter=future_06_lateral_040mm ok=1
[info] using task orders [0, 1, 2, 3, 4, 5, 6, 7, 8, 9]
QUALIFY_DONE event=open_the_top_drawer_and_put_the_bowl_inside__seed17__init34 parameter=future_10_lateral_000mm ok=1
[info] using task orders [0, 1, 2, 3, 4, 5, 6, 7, 8, 9]
QUALIFY_DONE event=open_the_top_drawer_and_put_the_bowl_inside__seed17__init34 parameter=future_10_lateral_020mm ok=1
[info] using task orders [0, 1, 2, 3, 4, 5, 6, 7, 8, 9]
QUALIFY_DONE event=open_the_top_drawer_and_put_the_bowl_inside__seed17__init34 parameter=future_10_lateral_040mm ok=1
[info] using task orders [0, 1, 2, 3, 4, 5, 6, 7, 8, 9]
QUALIFY_DONE event=open_the_top_drawer_and_put_the_bowl_inside__seed17__init34 parameter=future_14_lateral_000mm ok=1
[info] using task orders [0, 1, 2, 3, 4, 5, 6, 7, 8, 9]
QUALIFY_DONE event=open_the_top_drawer_and_put_the_bowl_inside__seed17__init34 parameter=future_14_lateral_020mm ok=1
[info] using task orders [0, 1, 2, 3, 4, 5, 6, 7, 8, 9]
QUALIFY_DONE event=open_the_top_drawer_and_put_the_bowl_inside__seed17__init34 parameter=future_14_lateral_040mm ok=1
[info] using task orders [0, 1, 2, 3, 4, 5, 6, 7, 8, 9]
[info] using task orders [0, 1, 2, 3, 4, 5, 6, 7, 8, 9]
QUALIFY_DONE event=open_the_top_drawer_and_put_the_bowl_inside__seed17__init35 parameter=future_06_lateral_000mm ok=1
[info] using task orders [0, 1, 2, 3, 4, 5, 6, 7, 8, 9]
QUALIFY_DONE event=open_the_top_drawer_and_put_the_bowl_inside__seed17__init35 parameter=future_06_lateral_020mm ok=1
[info] using task orders [0, 1, 2, 3, 4, 5, 6, 7, 8, 9]
QUALIFY_DONE event=open_the_top_drawer_and_put_the_bowl_inside__seed17__init35 parameter=future_06_lateral_040mm ok=1
[info] using task orders [0, 1, 2, 3, 4, 5, 6, 7, 8, 9]
QUALIFY_DONE event=open_the_top_drawer_and_put_the_bowl_inside__seed17__init35 parameter=future_10_lateral_000mm ok=1
[info] using task orders [0, 1, 2, 3, 4, 5, 6, 7, 8, 9]
QUALIFY_DONE event=open_the_top_drawer_and_put_the_bowl_inside__seed17__init35 parameter=future_10_lateral_020mm ok=1
[info] using task orders [0, 1, 2, 3, 4, 5, 6, 7, 8, 9]
QUALIFY_DONE event=open_the_top_drawer_and_put_the_bowl_inside__seed17__init35 parameter=future_10_lateral_040mm ok=1
[info] using task orders [0, 1, 2, 3, 4, 5, 6, 7, 8, 9]
QUALIFY_DONE event=open_the_top_drawer_and_put_the_bowl_inside__seed17__init35 parameter=future_14_lateral_000mm ok=1
[info] using task orders [0, 1, 2, 3, 4, 5, 6, 7, 8, 9]
QUALIFY_DONE event=open_the_top_drawer_and_put_the_bowl_inside__seed17__init35 parameter=future_14_lateral_020mm ok=1
[info] using task orders [0, 1, 2, 3, 4, 5, 6, 7, 8, 9]
QUALIFY_DONE event=open_the_top_drawer_and_put_the_bowl_inside__seed17__init35 parameter=future_14_lateral_040mm ok=1
[info] using task orders [0, 1, 2, 3, 4, 5, 6, 7, 8, 9]
[info] using task orders [0, 1, 2, 3, 4, 5, 6, 7, 8, 9]
QUALIFY_DONE event=open_the_top_drawer_and_put_the_bowl_inside__seed17__init36 parameter=future_06_lateral_000mm ok=1
[info] using task orders [0, 1, 2, 3, 4, 5, 6, 7, 8, 9]
QUALIFY_DONE event=open_the_top_drawer_and_put_the_bowl_inside__seed17__init36 parameter=future_06_lateral_020mm ok=1
[info] using task orders [0, 1, 2, 3, 4, 5, 6, 7, 8, 9]
QUALIFY_DONE event=open_the_top_drawer_and_put_the_bowl_inside__seed17__init36 parameter=future_06_lateral_040mm ok=1
[info] using task orders [0, 1, 2, 3, 4, 5, 6, 7, 8, 9]
QUALIFY_DONE event=open_the_top_drawer_and_put_the_bowl_inside__seed17__init36 parameter=future_10_lateral_000mm ok=1
[info] using task orders [0, 1, 2, 3, 4, 5, 6, 7, 8, 9]
QUALIFY_DONE event=open_the_top_drawer_and_put_the_bowl_inside__seed17__init36 parameter=future_10_lateral_020mm ok=1
[info] using task orders [0, 1, 2, 3, 4, 5, 6, 7, 8, 9]
QUALIFY_DONE event=open_the_top_drawer_and_put_the_bowl_inside__seed17__init36 parameter=future_10_lateral_040mm ok=1
[info] using task orders [0, 1, 2, 3, 4, 5, 6, 7, 8, 9]
QUALIFY_DONE event=open_the_top_drawer_and_put_the_bowl_inside__seed17__init36 parameter=future_14_lateral_000mm ok=1
[info] using task orders [0, 1, 2, 3, 4, 5, 6, 7, 8, 9]
QUALIFY_DONE event=open_the_top_drawer_and_put_the_bowl_inside__seed17__init36 parameter=future_14_lateral_020mm ok=1
[info] using task orders [0, 1, 2, 3, 4, 5, 6, 7, 8, 9]
QUALIFY_DONE event=open_the_top_drawer_and_put_the_bowl_inside__seed17__init36 parameter=future_14_lateral_040mm ok=1
[info] using task orders [0, 1, 2, 3, 4, 5, 6, 7, 8, 9]
[info] using task orders [0, 1, 2, 3, 4, 5, 6, 7, 8, 9]
QUALIFY_DONE event=open_the_top_drawer_and_put_the_bowl_inside__seed17__init37 parameter=future_06_lateral_000mm ok=1
[info] using task orders [0, 1, 2, 3, 4, 5, 6, 7, 8, 9]
QUALIFY_DONE event=open_the_top_drawer_and_put_the_bowl_inside__seed17__init37 parameter=future_06_lateral_020mm ok=1
[info] using task orders [0, 1, 2, 3, 4, 5, 6, 7, 8, 9]
QUALIFY_DONE event=open_the_top_drawer_and_put_the_bowl_inside__seed17__init37 parameter=future_06_lateral_040mm ok=1
[info] using task orders [0, 1, 2, 3, 4, 5, 6, 7, 8, 9]
QUALIFY_DONE event=open_the_top_drawer_and_put_the_bowl_inside__seed17__init37 parameter=future_10_lateral_000mm ok=1
[info] using task orders [0, 1, 2, 3, 4, 5, 6, 7, 8, 9]
QUALIFY_DONE event=open_the_top_drawer_and_put_the_bowl_inside__seed17__init37 parameter=future_10_lateral_020mm ok=1
[info] using task orders [0, 1, 2, 3, 4, 5, 6, 7, 8, 9]
QUALIFY_DONE event=open_the_top_drawer_and_put_the_bowl_inside__seed17__init37 parameter=future_10_lateral_040mm ok=1
[info] using task orders [0, 1, 2, 3, 4, 5, 6, 7, 8, 9]
QUALIFY_DONE event=open_the_top_drawer_and_put_the_bowl_inside__seed17__init37 parameter=future_14_lateral_000mm ok=1
[info] using task orders [0, 1, 2, 3, 4, 5, 6, 7, 8, 9]
QUALIFY_DONE event=open_the_top_drawer_and_put_the_bowl_inside__seed17__init37 parameter=future_14_lateral_020mm ok=1
[info] using task orders [0, 1, 2, 3, 4, 5, 6, 7, 8, 9]
QUALIFY_DONE event=open_the_top_drawer_and_put_the_bowl_inside__seed17__init37 parameter=future_14_lateral_040mm ok=1
[info] using task orders [0, 1, 2, 3, 4, 5, 6, 7, 8, 9]
[info] using task orders [0, 1, 2, 3, 4, 5, 6, 7, 8, 9]
QUALIFY_DONE event=open_the_top_drawer_and_put_the_bowl_inside__seed17__init38 parameter=future_06_lateral_000mm ok=1
[info] using task orders [0, 1, 2, 3, 4, 5, 6, 7, 8, 9]
QUALIFY_DONE event=open_the_top_drawer_and_put_the_bowl_inside__seed17__init38 parameter=future_06_lateral_020mm ok=1
[info] using task orders [0, 1, 2, 3, 4, 5, 6, 7, 8, 9]
QUALIFY_DONE event=open_the_top_drawer_and_put_the_bowl_inside__seed17__init38 parameter=future_06_lateral_040mm ok=1
[info] using task orders [0, 1, 2, 3, 4, 5, 6, 7, 8, 9]
QUALIFY_DONE event=open_the_top_drawer_and_put_the_bowl_inside__seed17__init38 parameter=future_10_lateral_000mm ok=1
[info] using task orders [0, 1, 2, 3, 4, 5, 6, 7, 8, 9]
QUALIFY_DONE event=open_the_top_drawer_and_put_the_bowl_inside__seed17__init38 parameter=future_10_lateral_020mm ok=1
[info] using task orders [0, 1, 2, 3, 4, 5, 6, 7, 8, 9]
QUALIFY_DONE event=open_the_top_drawer_and_put_the_bowl_inside__seed17__init38 parameter=future_10_lateral_040mm ok=1
[info] using task orders [0, 1, 2, 3, 4, 5, 6, 7, 8, 9]
QUALIFY_DONE event=open_the_top_drawer_and_put_the_bowl_inside__seed17__init38 parameter=future_14_lateral_000mm ok=1
[info] using task orders [0, 1, 2, 3, 4, 5, 6, 7, 8, 9]
QUALIFY_DONE event=open_the_top_drawer_and_put_the_bowl_inside__seed17__init38 parameter=future_14_lateral_020mm ok=1
[info] using task orders [0, 1, 2, 3, 4, 5, 6, 7, 8, 9]
QUALIFY_DONE event=open_the_top_drawer_and_put_the_bowl_inside__seed17__init38 parameter=future_14_lateral_040mm ok=1
[info] using task orders [0, 1, 2, 3, 4, 5, 6, 7, 8, 9]
[info] using task orders [0, 1, 2, 3, 4, 5, 6, 7, 8, 9]
QUALIFY_DONE event=open_the_top_drawer_and_put_the_bowl_inside__seed17__init39 parameter=future_06_lateral_000mm ok=1
[info] using task orders [0, 1, 2, 3, 4, 5, 6, 7, 8, 9]
QUALIFY_DONE event=open_the_top_drawer_and_put_the_bowl_inside__seed17__init39 parameter=future_06_lateral_020mm ok=1
[info] using task orders [0, 1, 2, 3, 4, 5, 6, 7, 8, 9]
QUALIFY_DONE event=open_the_top_drawer_and_put_the_bowl_inside__seed17__init39 parameter=future_06_lateral_040mm ok=1
[info] using task orders [0, 1, 2, 3, 4, 5, 6, 7, 8, 9]
QUALIFY_DONE event=open_the_top_drawer_and_put_the_bowl_inside__seed17__init39 parameter=future_10_lateral_000mm ok=1
[info] using task orders [0, 1, 2, 3, 4, 5, 6, 7, 8, 9]
QUALIFY_DONE event=open_the_top_drawer_and_put_the_bowl_inside__seed17__init39 parameter=future_10_lateral_020mm ok=1
[info] using task orders [0, 1, 2, 3, 4, 5, 6, 7, 8, 9]
QUALIFY_DONE event=open_the_top_drawer_and_put_the_bowl_inside__seed17__init39 parameter=future_10_lateral_040mm ok=1
[info] using task orders [0, 1, 2, 3, 4, 5, 6, 7, 8, 9]
QUALIFY_DONE event=open_the_top_drawer_and_put_the_bowl_inside__seed17__init39 parameter=future_14_lateral_000mm ok=1
[info] using task orders [0, 1, 2, 3, 4, 5, 6, 7, 8, 9]
QUALIFY_DONE event=open_the_top_drawer_and_put_the_bowl_inside__seed17__init39 parameter=future_14_lateral_020mm ok=1
[info] using task orders [0, 1, 2, 3, 4, 5, 6, 7, 8, 9]
QUALIFY_DONE event=open_the_top_drawer_and_put_the_bowl_inside__seed17__init39 parameter=future_14_lateral_040mm ok=1
